Archive member included to satisfy reference by file (symbol)

c:/users/joris/chipwh~1/cw/home/portable/armgcc/bin/../lib/gcc/arm-none-eabi/10.2.1/../../../../arm-none-eabi/lib/thumb/v7e-m/nofp\libm.a(lib_a-s_tanh.o)
                              objdir-CWLITEARM/forward_propagation.o (tanh)
c:/users/joris/chipwh~1/cw/home/portable/armgcc/bin/../lib/gcc/arm-none-eabi/10.2.1/../../../../arm-none-eabi/lib/thumb/v7e-m/nofp\libm.a(lib_a-w_exp.o)
                              objdir-CWLITEARM/forward_propagation.o (exp)
c:/users/joris/chipwh~1/cw/home/portable/armgcc/bin/../lib/gcc/arm-none-eabi/10.2.1/../../../../arm-none-eabi/lib/thumb/v7e-m/nofp\libm.a(lib_a-w_sqrt.o)
                              objdir-CWLITEARM/mlp_trainer.o (sqrt)
c:/users/joris/chipwh~1/cw/home/portable/armgcc/bin/../lib/gcc/arm-none-eabi/10.2.1/../../../../arm-none-eabi/lib/thumb/v7e-m/nofp\libm.a(lib_a-e_exp.o)
                              c:/users/joris/chipwh~1/cw/home/portable/armgcc/bin/../lib/gcc/arm-none-eabi/10.2.1/../../../../arm-none-eabi/lib/thumb/v7e-m/nofp\libm.a(lib_a-w_exp.o) (__ieee754_exp)
c:/users/joris/chipwh~1/cw/home/portable/armgcc/bin/../lib/gcc/arm-none-eabi/10.2.1/../../../../arm-none-eabi/lib/thumb/v7e-m/nofp\libm.a(lib_a-e_sqrt.o)
                              c:/users/joris/chipwh~1/cw/home/portable/armgcc/bin/../lib/gcc/arm-none-eabi/10.2.1/../../../../arm-none-eabi/lib/thumb/v7e-m/nofp\libm.a(lib_a-w_sqrt.o) (__ieee754_sqrt)
c:/users/joris/chipwh~1/cw/home/portable/armgcc/bin/../lib/gcc/arm-none-eabi/10.2.1/../../../../arm-none-eabi/lib/thumb/v7e-m/nofp\libm.a(lib_a-s_expm1.o)
                              c:/users/joris/chipwh~1/cw/home/portable/armgcc/bin/../lib/gcc/arm-none-eabi/10.2.1/../../../../arm-none-eabi/lib/thumb/v7e-m/nofp\libm.a(lib_a-s_tanh.o) (expm1)
c:/users/joris/chipwh~1/cw/home/portable/armgcc/bin/../lib/gcc/arm-none-eabi/10.2.1/../../../../arm-none-eabi/lib/thumb/v7e-m/nofp\libm.a(lib_a-s_fabs.o)
                              c:/users/joris/chipwh~1/cw/home/portable/armgcc/bin/../lib/gcc/arm-none-eabi/10.2.1/../../../../arm-none-eabi/lib/thumb/v7e-m/nofp\libm.a(lib_a-s_tanh.o) (fabs)
c:/users/joris/chipwh~1/cw/home/portable/armgcc/bin/../lib/gcc/arm-none-eabi/10.2.1/../../../../arm-none-eabi/lib/thumb/v7e-m/nofp\libm.a(lib_a-s_finite.o)
                              c:/users/joris/chipwh~1/cw/home/portable/armgcc/bin/../lib/gcc/arm-none-eabi/10.2.1/../../../../arm-none-eabi/lib/thumb/v7e-m/nofp\libm.a(lib_a-w_exp.o) (finite)
c:/users/joris/chipwh~1/cw/home/portable/armgcc/bin/../lib/gcc/arm-none-eabi/10.2.1/../../../../arm-none-eabi/lib/thumb/v7e-m/nofp\libm.a(lib_a-s_lib_ver.o)
                              c:/users/joris/chipwh~1/cw/home/portable/armgcc/bin/../lib/gcc/arm-none-eabi/10.2.1/../../../../arm-none-eabi/lib/thumb/v7e-m/nofp\libm.a(lib_a-w_exp.o) (__fdlib_version)
c:/users/joris/chipwh~1/cw/home/portable/armgcc/bin/../lib/gcc/arm-none-eabi/10.2.1/../../../../arm-none-eabi/lib/thumb/v7e-m/nofp\libm.a(lib_a-math_err.o)
                              c:/users/joris/chipwh~1/cw/home/portable/armgcc/bin/../lib/gcc/arm-none-eabi/10.2.1/../../../../arm-none-eabi/lib/thumb/v7e-m/nofp\libm.a(lib_a-s_expm1.o) (__math_oflow)
c:/users/joris/chipwh~1/cw/home/portable/armgcc/bin/../lib/gcc/arm-none-eabi/10.2.1/thumb/v7e-m/nofp\libgcc.a(_arm_muldf3.o)
                              objdir-CWLITEARM/back_propagation.o (__aeabi_dmul)
c:/users/joris/chipwh~1/cw/home/portable/armgcc/bin/../lib/gcc/arm-none-eabi/10.2.1/thumb/v7e-m/nofp\libgcc.a(_arm_addsubdf3.o)
                              objdir-CWLITEARM/back_propagation.o (__aeabi_dsub)
c:/users/joris/chipwh~1/cw/home/portable/armgcc/bin/../lib/gcc/arm-none-eabi/10.2.1/thumb/v7e-m/nofp\libgcc.a(_arm_muldivdf3.o)
                              objdir-CWLITEARM/forward_propagation.o (__aeabi_ddiv)
c:/users/joris/chipwh~1/cw/home/portable/armgcc/bin/../lib/gcc/arm-none-eabi/10.2.1/thumb/v7e-m/nofp\libgcc.a(_arm_cmpdf2.o)
                              objdir-CWLITEARM/mlp_classifier.o (__aeabi_dcmpeq)
c:/users/joris/chipwh~1/cw/home/portable/armgcc/bin/../lib/gcc/arm-none-eabi/10.2.1/thumb/v7e-m/nofp\libgcc.a(_arm_unorddf2.o)
                              c:/users/joris/chipwh~1/cw/home/portable/armgcc/bin/../lib/gcc/arm-none-eabi/10.2.1/../../../../arm-none-eabi/lib/thumb/v7e-m/nofp\libm.a(lib_a-w_sqrt.o) (__aeabi_dcmpun)
c:/users/joris/chipwh~1/cw/home/portable/armgcc/bin/../lib/gcc/arm-none-eabi/10.2.1/thumb/v7e-m/nofp\libgcc.a(_arm_fixdfsi.o)
                              objdir-CWLITEARM/back_propagation.o (__aeabi_d2iz)
c:/users/joris/chipwh~1/cw/home/portable/armgcc/bin/../lib/gcc/arm-none-eabi/10.2.1/../../../../arm-none-eabi/lib/thumb/v7e-m/nofp\libg_nano.a(lib_a-atof.o)
                              objdir-CWLITEARM/read_csv.o (atof)
c:/users/joris/chipwh~1/cw/home/portable/armgcc/bin/../lib/gcc/arm-none-eabi/10.2.1/../../../../arm-none-eabi/lib/thumb/v7e-m/nofp\libg_nano.a(lib_a-atoi.o)
[...]
Memory Configuration

Name             Origin             Length             Attributes
RAM              0x20000000         0x0000a000         xrw
ROM              0x08000000         0x00040000         xr
*default*        0x00000000         0xffffffff

Linker script and memory map

LOAD c:/users/joris/chipwh~1/cw/home/portable/armgcc/bin/../lib/gcc/arm-none-eabi/10.2.1/thumb/v7e-m/nofp/crti.o
LOAD c:/users/joris/chipwh~1/cw/home/portable/armgcc/bin/../lib/gcc/arm-none-eabi/10.2.1/thumb/v7e-m/nofp/crtbegin.o
LOAD c:/users/joris/chipwh~1/cw/home/portable/armgcc/bin/../lib/gcc/arm-none-eabi/10.2.1/../../../../arm-none-eabi/lib/thumb/v7e-m/nofp/crt0.o
LOAD objdir-CWLITEARM/back_propagation.o
LOAD objdir-CWLITEARM/forward_propagation.o
LOAD objdir-CWLITEARM/main.o
LOAD objdir-CWLITEARM/mlp_classifier.o
LOAD objdir-CWLITEARM/mlp_trainer.o
LOAD objdir-CWLITEARM/read_csv.o
LOAD objdir-CWLITEARM/write_csv.o
LOAD objdir-CWLITEARM/simpleserial.o
LOAD objdir-CWLITEARM/stm32f3_hal.o
LOAD objdir-CWLITEARM/stm32f3_hal_lowlevel.o
LOAD objdir-CWLITEARM/stm32f3_sysmem.o
LOAD objdir-CWLITEARM/stm32f3_startup.o
LOAD c:/users/joris/chipwh~1/cw/home/portable/armgcc/bin/../lib/gcc/arm-none-eabi/10.2.1/../../../../arm-none-eabi/lib/thumb/v7e-m/nofp\libm.a
LOAD c:/users/joris/chipwh~1/cw/home/portable/armgcc/bin/../lib/gcc/arm-none-eabi/10.2.1/../../../../arm-none-eabi/lib/thumb/v7e-m/nofp\libm.a
START GROUP
LOAD c:/users/joris/chipwh~1/cw/home/portable/armgcc/bin/../lib/gcc/arm-none-eabi/10.2.1/thumb/v7e-m/nofp\libgcc.a
LOAD c:/users/joris/chipwh~1/cw/home/portable/armgcc/bin/../lib/gcc/arm-none-eabi/10.2.1/../../../../arm-none-eabi/lib/thumb/v7e-m/nofp\libg_nano.a
LOAD c:/users/joris/chipwh~1/cw/home/portable/armgcc/bin/../lib/gcc/arm-none-eabi/10.2.1/../../../../arm-none-eabi/lib/thumb/v7e-m/nofp\libc_nano.a
END GROUP
START GROUP
LOAD c:/users/joris/chipwh~1/cw/home/portable/armgcc/bin/../lib/gcc/arm-none-eabi/10.2.1/thumb/v7e-m/nofp\libgcc.a
LOAD c:/users/joris/chipwh~1/cw/home/portable/armgcc/bin/../lib/gcc/arm-none-eabi/10.2.1/../../../../arm-none-eabi/lib/thumb/v7e-m/nofp\libc_nano.a
LOAD c:/users/joris/chipwh~1/cw/home/portable/armgcc/bin/../lib/gcc/arm-none-eabi/10.2.1/../../../../arm-none-eabi/lib/thumb/v7e-m/nofp\libnosys.a
END GROUP
START GROUP
LOAD c:/users/joris/chipwh~1/cw/home/portable/armgcc/bin/../lib/gcc/arm-none-eabi/10.2.1/thumb/v7e-m/nofp\libgcc.a
LOAD c:/users/joris/chipwh~1/cw/home/portable/armgcc/bin/../lib/gcc/arm-none-eabi/10.2.1/../../../../arm-none-eabi/lib/thumb/v7e-m/nofp\libc_nano.a
LOAD c:/users/joris/chipwh~1/cw/home/portable/armgcc/bin/../lib/gcc/arm-none-eabi/10.2.1/../../../../arm-none-eabi/lib/thumb/v7e-m/nofp\libnosys.a
END GROUP
LOAD c:/users/joris/chipwh~1/cw/home/portable/armgcc/bin/../lib/gcc/arm-none-eabi/10.2.1/thumb/v7e-m/nofp/crtend.o
LOAD c:/users/joris/chipwh~1/cw/home/portable/armgcc/bin/../lib/gcc/arm-none-eabi/10.2.1/thumb/v7e-m/nofp/crtn.o
                0x2000a000                _estack = 0x2000a000
                0x00000000                _Min_Heap_Size = 0x0
                0x00000400                _Min_Stack_Size = 0x400

.isr_vector     0x08000000      0x188
                0x08000000                . = ALIGN (0x4)
 *(.isr_vector)
 .isr_vector    0x08000000      0x188 objdir-CWLITEARM/stm32f3_startup.o
                0x08000000                g_pfnVectors
                0x08000188                . = ALIGN (0x4)

.text           0x08000190     0x4a9c
                0x08000190                . = ALIGN (0x4)
 *(.text)
 .text          0x08000190       0x40 c:/users/joris/chipwh~1/cw/home/portable/armgcc/bin/../lib/gcc/arm-none-eabi/10.2.1/thumb/v7e-m/nofp/crtbegin.o
 .text          0x080001d0      0x378 c:/users/joris/chipwh~1/cw/home/portable/armgcc/bin/../lib/gcc/arm-none-eabi/10.2.1/thumb/v7e-m/nofp\libgcc.a(_arm_addsubdf3.o)
                0x080001d0                __aeabi_drsub
                0x080001d8                __aeabi_dsub
                0x080001d8                __subdf3
                0x080001dc                __aeabi_dadd
                0x080001dc                __adddf3
                0x08000454                __floatunsidf
                0x08000454                __aeabi_ui2d
                0x08000474                __floatsidf
                0x08000474                __aeabi_i2d
                0x08000498                __aeabi_f2d
                0x08000498                __extendsfdf2
                0x080004dc                __floatundidf
                0x080004dc                __aeabi_ul2d
                0x080004ec                __floatdidf
                0x080004ec                __aeabi_l2d
 .text          0x08000548      0x424 c:/users/joris/chipwh~1/cw/home/portable/armgcc/bin/../lib/gcc/arm-none-eabi/10.2.1/thumb/v7e-m/nofp\libgcc.a(_arm_muldivdf3.o)
                0x08000548                __aeabi_dmul
                0x08000548                __muldf3
                0x0800079c                __divdf3
                0x0800079c                __aeabi_ddiv
 .text          0x0800096c      0x110 c:/users/joris/chipwh~1/cw/home/portable/armgcc/bin/../lib/gcc/arm-none-eabi/10.2.1/thumb/v7e-m/nofp\libgcc.a(_arm_cmpdf2.o)
                0x0800096c                __gtdf2
                0x0800096c                __gedf2
                0x08000974                __ltdf2
                0x08000974                __ledf2
                0x0800097c                __nedf2
                0x0800097c                __eqdf2
                0x0800097c                __cmpdf2
                0x080009f8                __aeabi_cdrcmple
                0x08000a08                __aeabi_cdcmpeq
                0x08000a08                __aeabi_cdcmple
                0x08000a18                __aeabi_dcmpeq
                0x08000a2c                __aeabi_dcmplt
                0x08000a40                __aeabi_dcmple
                0x08000a54                __aeabi_dcmpge
                0x08000a68                __aeabi_dcmpgt
 .text          0x08000a7c       0x50 c:/users/joris/chipwh~1/cw/home/portable/armgcc/bin/../lib/gcc/arm-none-eabi/10.2.1/thumb/v7e-m/nofp\libgcc.a(_arm_fixdfsi.o)
                0x08000a7c                __aeabi_d2iz
                0x08000a7c                __fixdfsi
 *fill*         0x08000acc        0x4 
 .text          0x08000ad0       0xa0 c:/users/joris/chipwh~1/cw/home/portable/armgcc/bin/../lib/gcc/arm-none-eabi/10.2.1/../../../../arm-none-eabi/lib/thumb/v7e-m/nofp\libg_nano.a(lib_a-memchr.o)
                0x08000ad0                memchr
 .text          0x08000b70       0x14 c:/users/joris/chipwh~1/cw/home/portable/armgcc/bin/../lib/gcc/arm-none-eabi/10.2.1/../../../../arm-none-eabi/lib/thumb/v7e-m/nofp\libg_nano.a(lib_a-strcmp.o)
                0x08000b70                strcmp
 .text          0x08000b84       0x10 c:/users/joris/chipwh~1/cw/home/portable/armgcc/bin/../lib/gcc/arm-none-eabi/10.2.1/../../../../arm-none-eabi/lib/thumb/v7e-m/nofp\libg_nano.a(lib_a-strlen.o)
                0x08000b84                strlen
 *(.text*)
 .text.mlp      0x08000b94      0x43c objdir-CWLITEARM/main.o
                0x08000b94                mlp
 .text.startup.main
                0x08000fd0       0x28 objdir-CWLITEARM/main.o
                0x08000fd0                main
 .text.mat_mul_classify
                0x08000ff8       0x5c objdir-CWLITEARM/mlp_classifier.o
                0x08000ff8                mat_mul_classify
 .text.identity_classify
                0x08001054       0x24 objdir-CWLITEARM/mlp_classifier.o
                0x08001054                identity_classify
 .text.sigmoid_classify
                0x08001078       0x54 objdir-CWLITEARM/mlp_classifier.o
                0x08001078                sigmoid_classify
 .text.tan_h_classify
                0x080010cc       0x30 objdir-CWLITEARM/mlp_classifier.o
                0x080010cc                tan_h_classify
 .text.relu_classify
                0x080010fc       0x4c objdir-CWLITEARM/mlp_classifier.o
                0x080010fc                relu_classify
 .text.softmax_classify
                0x08001148       0x6c objdir-CWLITEARM/mlp_classifier.o
                0x08001148                softmax_classify
 .text.mlp_classifier
                0x080011b4      0x5d4 objdir-CWLITEARM/mlp_classifier.o
                0x080011b4                mlp_classifier
 .text.write_csv
                0x08001788       0xb8 objdir-CWLITEARM/write_csv.o
                0x08001788                write_csv
 .text.ss_crc   0x08001840       0x2a objdir-CWLITEARM/simpleserial.o
                0x08001840                ss_crc
 .text.stuff_data
                0x0800186a       0x22 objdir-CWLITEARM/simpleserial.o
                0x0800186a                stuff_data
 .text.unstuff_data
                0x0800188c       0x1e objdir-CWLITEARM/simpleserial.o
                0x0800188c                unstuff_data
 *fill*         0x080018aa        0x2 
 .text.simpleserial_addcmd
                0x080018ac       0x34 objdir-CWLITEARM/simpleserial.o
                0x080018ac                simpleserial_addcmd
 .text.simpleserial_init
                0x080018e0       0x24 objdir-CWLITEARM/simpleserial.o
                0x080018e0                simpleserial_init
 .text.simpleserial_put
                0x08001904       0x56 objdir-CWLITEARM/simpleserial.o
                0x08001904                simpleserial_put
 .text.check_version
                0x0800195a       0x1c objdir-CWLITEARM/simpleserial.o
                0x0800195a                check_version
 *fill*         0x08001976        0x2 
 .text.ss_get_commands
                0x08001978       0x38 objdir-CWLITEARM/simpleserial.o
                0x08001978                ss_get_commands
 .text.simpleserial_get
                0x080019b0       0xdc objdir-CWLITEARM/simpleserial.o
                0x080019b0                simpleserial_get
 .text.platform_init
                0x08001a8c       0x80 objdir-CWLITEARM/stm32f3_hal.o
                0x08001a8c                platform_init
 .text.init_uart
                0x08001b0c       0x7c objdir-CWLITEARM/stm32f3_hal.o
                0x08001b0c                init_uart
 .text.trigger_setup
                0x08001b88       0x48 objdir-CWLITEARM/stm32f3_hal.o
                0x08001b88                trigger_setup
 .text.trigger_high
                0x08001bd0        0xe objdir-CWLITEARM/stm32f3_hal.o
                0x08001bd0                trigger_high
 .text.trigger_low
                0x08001bde        0xe objdir-CWLITEARM/stm32f3_hal.o
                0x08001bde                trigger_low
 .text.getch    0x08001bec       0x34 objdir-CWLITEARM/stm32f3_hal.o
                0x08001bec                getch
 .text.putch    0x08001c20       0x20 objdir-CWLITEARM/stm32f3_hal.o
                0x08001c20                putch
 .text.HAL_GetTick
                0x08001c40       0x10 objdir-CWLITEARM/stm32f3_hal_lowlevel.o
                0x08001c40                HAL_GetTick
 .text.HAL_RCC_OscConfig
                0x08001c50      0x4dc objdir-CWLITEARM/stm32f3_hal_lowlevel.o
                0x08001c50                HAL_RCC_OscConfig
 .text.HAL_RCC_ClockConfig
                0x0800212c      0x14c objdir-CWLITEARM/stm32f3_hal_lowlevel.o
                0x0800212c                HAL_RCC_ClockConfig
 .text.HAL_GPIO_Init
                0x08002278      0x188 objdir-CWLITEARM/stm32f3_hal_lowlevel.o
                0x08002278                HAL_GPIO_Init
 .text.HAL_GPIO_WritePin
                0x08002400        0xa objdir-CWLITEARM/stm32f3_hal_lowlevel.o
                0x08002400                HAL_GPIO_WritePin
 *fill*         0x0800240a        0x2 
 .text.UART_SetConfig
                0x0800240c      0x1e0 objdir-CWLITEARM/stm32f3_hal_lowlevel.o
                0x0800240c                UART_SetConfig
 .text.UART_WaitOnFlagUntilTimeout
                0x080025ec       0x58 objdir-CWLITEARM/stm32f3_hal_lowlevel.o
                0x080025ec                UART_WaitOnFlagUntilTimeout
 .text.UART_CheckIdleState
                0x08002644       0x64 objdir-CWLITEARM/stm32f3_hal_lowlevel.o
                0x08002644                UART_CheckIdleState
 .text.HAL_UART_Init
                0x080026a8       0x56 objdir-CWLITEARM/stm32f3_hal_lowlevel.o
                0x080026a8                HAL_UART_Init
 .text.HAL_UART_Transmit
                0x080026fe       0xac objdir-CWLITEARM/stm32f3_hal_lowlevel.o
                0x080026fe                HAL_UART_Transmit
 .text.HAL_UART_Receive
                0x080027aa       0xd6 objdir-CWLITEARM/stm32f3_hal_lowlevel.o
                0x080027aa                HAL_UART_Receive
 .text._sbrk    0x08002880       0x34 objdir-CWLITEARM/stm32f3_sysmem.o
                0x08002880                _sbrk
 .text.Reset_Handler
                0x080028b4       0x48 objdir-CWLITEARM/stm32f3_startup.o
                0x080028b4                Reset_Handler
 .text.Default_Handler
                0x080028fc        0x2 objdir-CWLITEARM/stm32f3_startup.o
                0x080028fc                DebugMon_Handler
                0x080028fc                HardFault_Handler
                0x080028fc                SysTick_Handler
                0x080028fc                PendSV_Handler
                0x080028fc                NMI_Handler
                0x080028fc                UsageFault_Handler
                0x080028fc                Default_Handler
                0x080028fc                MemManage_Handler
                0x080028fc                SVC_Handler
                0x080028fc                BusFault_Handler
 *fill*         0x080028fe        0x2 
 .text.tanh     0x08002900      0x104 c:/users/joris/chipwh~1/cw/home/portable/armgcc/bin/../lib/gcc/arm-none-eabi/10.2.1/../../../../arm-none-eabi/lib/thumb/v7e-m/nofp\libm.a(lib_a-s_tanh.o)
                0x08002900                tanh
 *fill*         0x08002a04        0x4 
 .text.exp      0x08002a08       0x80 c:/users/joris/chipwh~1/cw/home/portable/armgcc/bin/../lib/gcc/arm-none-eabi/10.2.1/../../../../arm-none-eabi/lib/thumb/v7e-m/nofp\libm.a(lib_a-w_exp.o)
                0x08002a08                exp
 .text.__ieee754_exp
                0x08002a88      0x3a4 c:/users/joris/chipwh~1/cw/home/portable/armgcc/bin/../lib/gcc/arm-none-eabi/10.2.1/../../../../arm-none-eabi/lib/thumb/v7e-m/nofp\libm.a(lib_a-e_exp.o)
                0x08002a88                __ieee754_exp
 *fill*         0x08002e2c        0x4 
 .text.expm1    0x08002e30      0x490 c:/users/joris/chipwh~1/cw/home/portable/armgcc/bin/../lib/gcc/arm-none-eabi/10.2.1/../../../../arm-none-eabi/lib/thumb/v7e-m/nofp\libm.a(lib_a-s_expm1.o)
                0x08002e30                expm1
 .text.fabs     0x080032c0        0x8 c:/users/joris/chipwh~1/cw/home/portable/armgcc/bin/../lib/gcc/arm-none-eabi/10.2.1/../../../../arm-none-eabi/lib/thumb/v7e-m/nofp\libm.a(lib_a-s_fabs.o)
                0x080032c0                fabs
 .text.finite   0x080032c8        0xc c:/users/joris/chipwh~1/cw/home/portable/armgcc/bin/../lib/gcc/arm-none-eabi/10.2.1/../../../../arm-none-eabi/lib/thumb/v7e-m/nofp\libm.a(lib_a-s_finite.o)
                0x080032c8                finite
 .text.with_errno
                0x080032d4       0x18 c:/users/joris/chipwh~1/cw/home/portable/armgcc/bin/../lib/gcc/arm-none-eabi/10.2.1/../../../../arm-none-eabi/lib/thumb/v7e-m/nofp\libm.a(lib_a-math_err.o)
 .text.xflow    0x080032ec       0x30 c:/users/joris/chipwh~1/cw/home/portable/armgcc/bin/../lib/gcc/arm-none-eabi/10.2.1/../../../../arm-none-eabi/lib/thumb/v7e-m/nofp\libm.a(lib_a-math_err.o)
 .text.__math_oflow
                0x0800331c        0xc c:/users/joris/chipwh~1/cw/home/portable/armgcc/bin/../lib/gcc/arm-none-eabi/10.2.1/../../../../arm-none-eabi/lib/thumb/v7e-m/nofp\libm.a(lib_a-math_err.o)
                0x0800331c                __math_oflow
 .text.atoi     0x08003328        0x8 c:/users/joris/chipwh~1/cw/home/portable/armgcc/bin/../lib/gcc/arm-none-eabi/10.2.1/../../../../arm-none-eabi/lib/thumb/v7e-m/nofp\libg_nano.a(lib_a-atoi.o)
                0x08003328                atoi
 .text.calloc   0x08003330       0x10 c:/users/joris/chipwh~1/cw/home/portable/armgcc/bin/../lib/gcc/arm-none-eabi/10.2.1/../../../../arm-none-eabi/lib/thumb/v7e-m/nofp\libg_nano.a(lib_a-calloc.o)
                0x08003330                calloc
 .text.__errno  0x08003340        0xc c:/users/joris/chipwh~1/cw/home/portable/armgcc/bin/../lib/gcc/arm-none-eabi/10.2.1/../../../../arm-none-eabi/lib/thumb/v7e-m/nofp\libg_nano.a(lib_a-errno.o)
                0x08003340                __errno
 .text.exit     0x0800334c       0x28 c:/users/joris/chipwh~1/cw/home/portable/armgcc/bin/../lib/gcc/arm-none-eabi/10.2.1/../../../../arm-none-eabi/lib/thumb/v7e-m/nofp\libg_nano.a(lib_a-exit.o)
                0x0800334c                exit
 .text._fclose_r
                0x08003374       0xd8 c:/users/joris/chipwh~1/cw/home/portable/armgcc/bin/../lib/gcc/arm-none-eabi/10.2.1/../../../../arm-none-eabi/lib/thumb/v7e-m/nofp\libg_nano.a(lib_a-fclose.o)
                0x08003374                _fclose_r
 .text.fclose   0x0800344c       0x10 c:/users/joris/chipwh~1/cw/home/portable/armgcc/bin/../lib/gcc/arm-none-eabi/10.2.1/../../../../arm-none-eabi/lib/thumb/v7e-m/nofp\libg_nano.a(lib_a-fclose.o)
                0x0800344c                fclose
 .text.__sflush_r
                0x0800345c      0x104 c:/users/joris/chipwh~1/cw/home/portable/armgcc/bin/../lib/gcc/arm-none-eabi/10.2.1/../../../../arm-none-eabi/lib/thumb/v7e-m/nofp\libg_nano.a(lib_a-fflush.o)
                0x0800345c                __sflush_r
 .text._fflush_r
                0x08003560       0x78 c:/users/joris/chipwh~1/cw/home/portable/armgcc/bin/../lib/gcc/arm-none-eabi/10.2.1/../../../../arm-none-eabi/lib/thumb/v7e-m/nofp\libg_nano.a(lib_a-fflush.o)
                0x08003560                _fflush_r
 .text.std      0x080035d8       0x48 c:/users/joris/chipwh~1/cw/home/portable/armgcc/bin/../lib/gcc/arm-none-eabi/10.2.1/../../../../arm-none-eabi/lib/thumb/v7e-m/nofp\libg_nano.a(lib_a-findfp.o)
 .text._cleanup_r
                0x08003620        0xc c:/users/joris/chipwh~1/cw/home/portable/armgcc/bin/../lib/gcc/arm-none-eabi/10.2.1/../../../../arm-none-eabi/lib/thumb/v7e-m/nofp\libg_nano.a(lib_a-findfp.o)
                0x08003620                _cleanup_r
 .text.__sfmoreglue
                0x0800362c       0x2c c:/users/joris/chipwh~1/cw/home/portable/armgcc/bin/../lib/gcc/arm-none-eabi/10.2.1/../../../../arm-none-eabi/lib/thumb/v7e-m/nofp\libg_nano.a(lib_a-findfp.o)
                0x0800362c                __sfmoreglue
 .text.__sfp_lock_acquire
                0x08003658        0xc c:/users/joris/chipwh~1/cw/home/portable/armgcc/bin/../lib/gcc/arm-none-eabi/10.2.1/../../../../arm-none-eabi/lib/thumb/v7e-m/nofp\libg_nano.a(lib_a-findfp.o)
                0x08003658                __sfp_lock_acquire
 .text.__sfp_lock_release
                0x08003664        0xc c:/users/joris/chipwh~1/cw/home/portable/armgcc/bin/../lib/gcc/arm-none-eabi/10.2.1/../../../../arm-none-eabi/lib/thumb/v7e-m/nofp\libg_nano.a(lib_a-findfp.o)
                0x08003664                __sfp_lock_release
 .text.__sinit_lock_acquire
                0x08003670        0xc c:/users/joris/chipwh~1/cw/home/portable/armgcc/bin/../lib/gcc/arm-none-eabi/10.2.1/../../../../arm-none-eabi/lib/thumb/v7e-m/nofp\libg_nano.a(lib_a-findfp.o)
                0x08003670                __sinit_lock_acquire
 .text.__sinit_lock_release
                0x0800367c        0xc c:/users/joris/chipwh~1/cw/home/portable/armgcc/bin/../lib/gcc/arm-none-eabi/10.2.1/../../../../arm-none-eabi/lib/thumb/v7e-m/nofp\libg_nano.a(lib_a-findfp.o)
                0x0800367c                __sinit_lock_release
 .text.__sinit  0x08003688       0x70 c:/users/joris/chipwh~1/cw/home/portable/armgcc/bin/../lib/gcc/arm-none-eabi/10.2.1/../../../../arm-none-eabi/lib/thumb/v7e-m/nofp\libg_nano.a(lib_a-findfp.o)
                0x08003688                __sinit
 .text.__sfp    0x080036f8       0x8c c:/users/joris/chipwh~1/cw/home/portable/armgcc/bin/../lib/gcc/arm-none-eabi/10.2.1/../../../../arm-none-eabi/lib/thumb/v7e-m/nofp\libg_nano.a(lib_a-findfp.o)
                0x080036f8                __sfp
 .text._fopen_r
                0x08003784       0xa8 c:/users/joris/chipwh~1/cw/home/portable/armgcc/bin/../lib/gcc/arm-none-eabi/10.2.1/../../../../arm-none-eabi/lib/thumb/v7e-m/nofp\libg_nano.a(lib_a-fopen.o)
                0x08003784                _fopen_r
 .text.fopen    0x0800382c       0x10 c:/users/joris/chipwh~1/cw/home/portable/armgcc/bin/../lib/gcc/arm-none-eabi/10.2.1/../../../../arm-none-eabi/lib/thumb/v7e-m/nofp\libg_nano.a(lib_a-fopen.o)
                0x0800382c                fopen
 .text.fprintf  0x0800383c       0x24 c:/users/joris/chipwh~1/cw/home/portable/armgcc/bin/../lib/gcc/arm-none-eabi/10.2.1/../../../../arm-none-eabi/lib/thumb/v7e-m/nofp\libg_nano.a(lib_a-fprintf.o)
                0x0800383c                fiprintf
                0x0800383c                fprintf
 .text._fseek_r
                0x08003860        0x4 c:/users/joris/chipwh~1/cw/home/portable/armgcc/bin/../lib/gcc/arm-none-eabi/10.2.1/../../../../arm-none-eabi/lib/thumb/v7e-m/nofp\libg_nano.a(lib_a-fseek.o)
                0x08003860                _fseek_r
 .text._fseeko_r
                0x08003864      0x134 c:/users/joris/chipwh~1/cw/home/portable/armgcc/bin/../lib/gcc/arm-none-eabi/10.2.1/../../../../arm-none-eabi/lib/thumb/v7e-m/nofp\libg_nano.a(lib_a-fseeko.o)
                0x08003864                _fseeko_r
 .text._ftello_r
                0x08003998       0xe8 c:/users/joris/chipwh~1/cw/home/portable/armgcc/bin/../lib/gcc/arm-none-eabi/10.2.1/../../../../arm-none-eabi/lib/thumb/v7e-m/nofp\libg_nano.a(lib_a-ftello.o)
                0x08003998                _ftello_r
 .text._fwalk_reent
                0x08003a80       0x3e c:/users/joris/chipwh~1/cw/home/portable/armgcc/bin/../lib/gcc/arm-none-eabi/10.2.1/../../../../arm-none-eabi/lib/thumb/v7e-m/nofp\libg_nano.a(lib_a-fwalk.o)
                0x08003a80                _fwalk_reent
 *fill*         0x08003abe        0x2 
 .text.__libc_init_array
                0x08003ac0       0x48 c:/users/joris/chipwh~1/cw/home/portable/armgcc/bin/../lib/gcc/arm-none-eabi/10.2.1/../../../../arm-none-eabi/lib/thumb/v7e-m/nofp\libg_nano.a(lib_a-init.o)
                0x08003ac0                __libc_init_array
 .text.__retarget_lock_init_recursive
                0x08003b08        0x2 c:/users/joris/chipwh~1/cw/home/portable/armgcc/bin/../lib/gcc/arm-none-eabi/10.2.1/../../../../arm-none-eabi/lib/thumb/v7e-m/nofp\libg_nano.a(lib_a-lock.o)
                0x08003b08                __retarget_lock_init_recursive
 .text.__retarget_lock_close_recursive
                0x08003b0a        0x2 c:/users/joris/chipwh~1/cw/home/portable/armgcc/bin/../lib/gcc/arm-none-eabi/10.2.1/../../../../arm-none-eabi/lib/thumb/v7e-m/nofp\libg_nano.a(lib_a-lock.o)
                0x08003b0a                __retarget_lock_close_recursive
 .text.__retarget_lock_acquire_recursive
                0x08003b0c        0x2 c:/users/joris/chipwh~1/cw/home/portable/armgcc/bin/../lib/gcc/arm-none-eabi/10.2.1/../../../../arm-none-eabi/lib/thumb/v7e-m/nofp\libg_nano.a(lib_a-lock.o)
                0x08003b0c                __retarget_lock_acquire_recursive
 .text.__retarget_lock_release_recursive
                0x08003b0e        0x2 c:/users/joris/chipwh~1/cw/home/portable/armgcc/bin/../lib/gcc/arm-none-eabi/10.2.1/../../../../arm-none-eabi/lib/thumb/v7e-m/nofp\libg_nano.a(lib_a-lock.o)
                0x08003b0e                __retarget_lock_release_recursive
 .text.__swhatbuf_r
                0x08003b10       0x4a c:/users/joris/chipwh~1/cw/home/portable/armgcc/bin/../lib/gcc/arm-none-eabi/10.2.1/../../../../arm-none-eabi/lib/thumb/v7e-m/nofp\libg_nano.a(lib_a-makebuf.o)
                0x08003b10                __swhatbuf_r
 *fill*         0x08003b5a        0x2 
 .text.__smakebuf_r
                0x08003b5c       0x80 c:/users/joris/chipwh~1/cw/home/portable/armgcc/bin/../lib/gcc/arm-none-eabi/10.2.1/../../../../arm-none-eabi/lib/thumb/v7e-m/nofp\libg_nano.a(lib_a-makebuf.o)
                0x08003b5c                __smakebuf_r
 .text.malloc   0x08003bdc       0x10 c:/users/joris/chipwh~1/cw/home/portable/armgcc/bin/../lib/gcc/arm-none-eabi/10.2.1/../../../../arm-none-eabi/lib/thumb/v7e-m/nofp\libg_nano.a(lib_a-malloc.o)
                0x08003bdc                malloc
 .text.free     0x08003bec       0x10 c:/users/joris/chipwh~1/cw/home/portable/armgcc/bin/../lib/gcc/arm-none-eabi/10.2.1/../../../../arm-none-eabi/lib/thumb/v7e-m/nofp\libg_nano.a(lib_a-malloc.o)
                0x08003bec                free
 .text.memcpy   0x08003bfc       0x1c c:/users/joris/chipwh~1/cw/home/portable/armgcc/bin/../lib/gcc/arm-none-eabi/10.2.1/../../../../arm-none-eabi/lib/thumb/v7e-m/nofp\libg_nano.a(lib_a-memcpy-stub.o)
                0x08003bfc                memcpy
 .text.memset   0x08003c18       0x10 c:/users/joris/chipwh~1/cw/home/portable/armgcc/bin/../lib/gcc/arm-none-eabi/10.2.1/../../../../arm-none-eabi/lib/thumb/v7e-m/nofp\libg_nano.a(lib_a-memset.o)
                0x08003c18                memset
 .text._calloc_r
                0x08003c28       0x1c c:/users/joris/chipwh~1/cw/home/portable/armgcc/bin/../lib/gcc/arm-none-eabi/10.2.1/../../../../arm-none-eabi/lib/thumb/v7e-m/nofp\libg_nano.a(lib_a-nano-callocr.o)
                0x08003c28                _calloc_r
 .text._free_r  0x08003c44       0x94 c:/users/joris/chipwh~1/cw/home/portable/armgcc/bin/../lib/gcc/arm-none-eabi/10.2.1/../../../../arm-none-eabi/lib/thumb/v7e-m/nofp\libg_nano.a(lib_a-nano-freer.o)
                0x08003c44                _free_r
 .text._malloc_r
                0x08003cd8       0xb4 c:/users/joris/chipwh~1/cw/home/portable/armgcc/bin/../lib/gcc/arm-none-eabi/10.2.1/../../../../arm-none-eabi/lib/thumb/v7e-m/nofp\libg_nano.a(lib_a-nano-mallocr.o)
                0x08003cd8                _malloc_r
 .text.__sfputc_r
                0x08003d8c       0x2a c:/users/joris/chipwh~1/cw/home/portable/armgcc/bin/../lib/gcc/arm-none-eabi/10.2.1/../../../../arm-none-eabi/lib/thumb/v7e-m/nofp\libg_nano.a(lib_a-nano-vfprintf.o)
 .text.__sfputs_r
                0x08003db6       0x24 c:/users/joris/chipwh~1/cw/home/portable/armgcc/bin/../lib/gcc/arm-none-eabi/10.2.1/../../../../arm-none-eabi/lib/thumb/v7e-m/nofp\libg_nano.a(lib_a-nano-vfprintf.o)
                0x08003db6                __sfputs_r
 *fill*         0x08003dda        0x2 
 .text._vfprintf_r
                0x08003ddc      0x260 c:/users/joris/chipwh~1/cw/home/portable/armgcc/bin/../lib/gcc/arm-none-eabi/10.2.1/../../../../arm-none-eabi/lib/thumb/v7e-m/nofp\libg_nano.a(lib_a-nano-vfprintf.o)
                0x08003ddc                _vfprintf_r
                0x08003ddc                _vfiprintf_r
 .text._printf_common
                0x0800403c       0xda c:/users/joris/chipwh~1/cw/home/portable/armgcc/bin/../lib/gcc/arm-none-eabi/10.2.1/../../../../arm-none-eabi/lib/thumb/v7e-m/nofp\libg_nano.a(lib_a-nano-vfprintf_i.o)
                0x0800403c                _printf_common
 *fill*         0x08004116        0x2 
 .text._printf_i
                0x08004118      0x24c c:/users/joris/chipwh~1/cw/home/portable/armgcc/bin/../lib/gcc/arm-none-eabi/10.2.1/../../../../arm-none-eabi/lib/thumb/v7e-m/nofp\libg_nano.a(lib_a-nano-vfprintf_i.o)
                0x08004118                _printf_i
 .text._open_r  0x08004364       0x24 c:/users/joris/chipwh~1/cw/home/portable/armgcc/bin/../lib/gcc/arm-none-eabi/10.2.1/../../../../arm-none-eabi/lib/thumb/v7e-m/nofp\libg_nano.a(lib_a-openr.o)
                0x08004364                _open_r
 .text.printf   0x08004388       0x30 c:/users/joris/chipwh~1/cw/home/portable/armgcc/bin/../lib/gcc/arm-none-eabi/10.2.1/../../../../arm-none-eabi/lib/thumb/v7e-m/nofp\libg_nano.a(lib_a-printf.o)
                0x08004388                iprintf
                0x08004388                printf
 .text.putchar  0x080043b8       0x28 c:/users/joris/chipwh~1/cw/home/portable/armgcc/bin/../lib/gcc/arm-none-eabi/10.2.1/../../../../arm-none-eabi/lib/thumb/v7e-m/nofp\libg_nano.a(lib_a-putchar.o)
                0x080043b8                putchar
 .text._puts_r  0x080043e0       0xdc c:/users/joris/chipwh~1/cw/home/portable/armgcc/bin/../lib/gcc/arm-none-eabi/10.2.1/../../../../arm-none-eabi/lib/thumb/v7e-m/nofp\libg_nano.a(lib_a-puts.o)
                0x080043e0                _puts_r
 .text.puts     0x080044bc       0x10 c:/users/joris/chipwh~1/cw/home/portable/armgcc/bin/../lib/gcc/arm-none-eabi/10.2.1/../../../../arm-none-eabi/lib/thumb/v7e-m/nofp\libg_nano.a(lib_a-puts.o)
                0x080044bc                puts
 .text._sbrk_r  0x080044cc       0x20 c:/users/joris/chipwh~1/cw/home/portable/armgcc/bin/../lib/gcc/arm-none-eabi/10.2.1/../../../../arm-none-eabi/lib/thumb/v7e-m/nofp\libg_nano.a(lib_a-sbrkr.o)
                0x080044cc                _sbrk_r
 .text.__sread  0x080044ec       0x22 c:/users/joris/chipwh~1/cw/home/portable/armgcc/bin/../lib/gcc/arm-none-eabi/10.2.1/../../../../arm-none-eabi/lib/thumb/v7e-m/nofp\libg_nano.a(lib_a-stdio.o)
                0x080044ec                __sread
 .text.__swrite
                0x0800450e       0x38 c:/users/joris/chipwh~1/cw/home/portable/armgcc/bin/../lib/gcc/arm-none-eabi/10.2.1/../../../../arm-none-eabi/lib/thumb/v7e-m/nofp\libg_nano.a(lib_a-stdio.o)
                0x0800450e                __swrite
 .text.__sseek  0x08004546       0x24 c:/users/joris/chipwh~1/cw/home/portable/armgcc/bin/../lib/gcc/arm-none-eabi/10.2.1/../../../../arm-none-eabi/lib/thumb/v7e-m/nofp\libg_nano.a(lib_a-stdio.o)
                0x08004546                __sseek
 .text.__sclose
                0x0800456a        0x8 c:/users/joris/chipwh~1/cw/home/portable/armgcc/bin/../lib/gcc/arm-none-eabi/10.2.1/../../../../arm-none-eabi/lib/thumb/v7e-m/nofp\libg_nano.a(lib_a-stdio.o)
                0x0800456a                __sclose
 .text.strcpy   0x08004572       0x10 c:/users/joris/chipwh~1/cw/home/portable/armgcc/bin/../lib/gcc/arm-none-eabi/10.2.1/../../../../arm-none-eabi/lib/thumb/v7e-m/nofp\libg_nano.a(lib_a-strcpy.o)
                0x08004572                strcpy
 *fill*         0x08004582        0x2 
 .text.strtok   0x08004584       0x68 c:/users/joris/chipwh~1/cw/home/portable/armgcc/bin/../lib/gcc/arm-none-eabi/10.2.1/../../../../arm-none-eabi/lib/thumb/v7e-m/nofp\libg_nano.a(lib_a-strtok.o)
                0x08004584                strtok
 .text.__strtok_r
                0x080045ec       0x50 c:/users/joris/chipwh~1/cw/home/portable/armgcc/bin/../lib/gcc/arm-none-eabi/10.2.1/../../../../arm-none-eabi/lib/thumb/v7e-m/nofp\libg_nano.a(lib_a-strtok_r.o)
                0x080045ec                __strtok_r
 .text._strtol_l.constprop.0
                0x0800463c       0xf8 c:/users/joris/chipwh~1/cw/home/portable/armgcc/bin/../lib/gcc/arm-none-eabi/10.2.1/../../../../arm-none-eabi/lib/thumb/v7e-m/nofp\libg_nano.a(lib_a-strtol.o)
 .text.strtol   0x08004734       0x14 c:/users/joris/chipwh~1/cw/home/portable/armgcc/bin/../lib/gcc/arm-none-eabi/10.2.1/../../../../arm-none-eabi/lib/thumb/v7e-m/nofp\libg_nano.a(lib_a-strtol.o)
                0x08004734                strtol
 .text.__swbuf_r
                0x08004748       0xa4 c:/users/joris/chipwh~1/cw/home/portable/armgcc/bin/../lib/gcc/arm-none-eabi/10.2.1/../../../../arm-none-eabi/lib/thumb/v7e-m/nofp\libg_nano.a(lib_a-wbuf.o)
                0x08004748                __swbuf_r
 .text._write_r
                0x080047ec       0x24 c:/users/joris/chipwh~1/cw/home/portable/armgcc/bin/../lib/gcc/arm-none-eabi/10.2.1/../../../../arm-none-eabi/lib/thumb/v7e-m/nofp\libg_nano.a(lib_a-writer.o)
                0x080047ec                _write_r
 .text.__swsetup_r
                0x08004810       0xdc c:/users/joris/chipwh~1/cw/home/portable/armgcc/bin/../lib/gcc/arm-none-eabi/10.2.1/../../../../arm-none-eabi/lib/thumb/v7e-m/nofp\libg_nano.a(lib_a-wsetup.o)
                0x08004810                __swsetup_r
 .text.__assert_func
                0x080048ec       0x3c c:/users/joris/chipwh~1/cw/home/portable/armgcc/bin/../lib/gcc/arm-none-eabi/10.2.1/../../../../arm-none-eabi/lib/thumb/v7e-m/nofp\libg_nano.a(lib_a-assert.o)
                0x080048ec                __assert_func
 .text._close_r
                0x08004928       0x20 c:/users/joris/chipwh~1/cw/home/portable/armgcc/bin/../lib/gcc/arm-none-eabi/10.2.1/../../../../arm-none-eabi/lib/thumb/v7e-m/nofp\libg_nano.a(lib_a-closer.o)
                0x08004928                _close_r
 .text.__sflags
                0x08004948       0x6c c:/users/joris/chipwh~1/cw/home/portable/armgcc/bin/../lib/gcc/arm-none-eabi/10.2.1/../../../../arm-none-eabi/lib/thumb/v7e-m/nofp\libg_nano.a(lib_a-flags.o)
                0x08004948                __sflags
 .text._fstat_r
                0x080049b4       0x24 c:/users/joris/chipwh~1/cw/home/portable/armgcc/bin/../lib/gcc/arm-none-eabi/10.2.1/../../../../arm-none-eabi/lib/thumb/v7e-m/nofp\libg_nano.a(lib_a-fstatr.o)
                0x080049b4                _fstat_r
 .text._isatty_r
                0x080049d8       0x20 c:/users/joris/chipwh~1/cw/home/portable/armgcc/bin/../lib/gcc/arm-none-eabi/10.2.1/../../../../arm-none-eabi/lib/thumb/v7e-m/nofp\libg_nano.a(lib_a-isattyr.o)
                0x080049d8                _isatty_r
 .text._lseek_r
                0x080049f8       0x24 c:/users/joris/chipwh~1/cw/home/portable/armgcc/bin/../lib/gcc/arm-none-eabi/10.2.1/../../../../arm-none-eabi/lib/thumb/v7e-m/nofp\libg_nano.a(lib_a-lseekr.o)
                0x080049f8                _lseek_r
 .text.__malloc_lock
                0x08004a1c        0xc c:/users/joris/chipwh~1/cw/home/portable/armgcc/bin/../lib/gcc/arm-none-eabi/10.2.1/../../../../arm-none-eabi/lib/thumb/v7e-m/nofp\libg_nano.a(lib_a-mlock.o)
                0x08004a1c                __malloc_lock
 .text.__malloc_unlock
                0x08004a28        0xc c:/users/joris/chipwh~1/cw/home/portable/armgcc/bin/../lib/gcc/arm-none-eabi/10.2.1/../../../../arm-none-eabi/lib/thumb/v7e-m/nofp\libg_nano.a(lib_a-mlock.o)
                0x08004a28                __malloc_unlock
 .text._putc_r  0x08004a34       0x90 c:/users/joris/chipwh~1/cw/home/portable/armgcc/bin/../lib/gcc/arm-none-eabi/10.2.1/../../../../arm-none-eabi/lib/thumb/v7e-m/nofp\libg_nano.a(lib_a-putc.o)
                0x08004a34                _putc_r
 .text._read_r  0x08004ac4       0x24 c:/users/joris/chipwh~1/cw/home/portable/armgcc/bin/../lib/gcc/arm-none-eabi/10.2.1/../../../../arm-none-eabi/lib/thumb/v7e-m/nofp\libg_nano.a(lib_a-readr.o)
                0x08004ac4                _read_r
 .text.abort    0x08004ae8        0xe c:/users/joris/chipwh~1/cw/home/portable/armgcc/bin/../lib/gcc/arm-none-eabi/10.2.1/../../../../arm-none-eabi/lib/thumb/v7e-m/nofp\libg_nano.a(lib_a-abort.o)
                0x08004ae8                abort
 .text._raise_r
                0x08004af6       0x50 c:/users/joris/chipwh~1/cw/home/portable/armgcc/bin/../lib/gcc/arm-none-eabi/10.2.1/../../../../arm-none-eabi/lib/thumb/v7e-m/nofp\libg_nano.a(lib_a-signal.o)
                0x08004af6                _raise_r
 *fill*         0x08004b46        0x2 
 .text.raise    0x08004b48       0x10 c:/users/joris/chipwh~1/cw/home/portable/armgcc/bin/../lib/gcc/arm-none-eabi/10.2.1/../../../../arm-none-eabi/lib/thumb/v7e-m/nofp\libg_nano.a(lib_a-signal.o)
                0x08004b48                raise
 .text._kill_r  0x08004b58       0x24 c:/users/joris/chipwh~1/cw/home/portable/armgcc/bin/../lib/gcc/arm-none-eabi/10.2.1/../../../../arm-none-eabi/lib/thumb/v7e-m/nofp\libg_nano.a(lib_a-signalr.o)
                0x08004b58                _kill_r
 .text._getpid_r
                0x08004b7c        0x4 c:/users/joris/chipwh~1/cw/home/portable/armgcc/bin/../lib/gcc/arm-none-eabi/10.2.1/../../../../arm-none-eabi/lib/thumb/v7e-m/nofp\libg_nano.a(lib_a-signalr.o)
                0x08004b7c                _getpid_r
 .text._close   0x08004b80       0x10 c:/users/joris/chipwh~1/cw/home/portable/armgcc/bin/../lib/gcc/arm-none-eabi/10.2.1/../../../../arm-none-eabi/lib/thumb/v7e-m/nofp\libnosys.a(close.o)
                0x08004b80                _close
 .text._fstat   0x08004b90       0x10 c:/users/joris/chipwh~1/cw/home/portable/armgcc/bin/../lib/gcc/arm-none-eabi/10.2.1/../../../../arm-none-eabi/lib/thumb/v7e-m/nofp\libnosys.a(fstat.o)
                0x08004b90                _fstat
 .text._getpid  0x08004ba0       0x10 c:/users/joris/chipwh~1/cw/home/portable/armgcc/bin/../lib/gcc/arm-none-eabi/10.2.1/../../../../arm-none-eabi/lib/thumb/v7e-m/nofp\libnosys.a(getpid.o)
                0x08004ba0                _getpid
 .text._isatty  0x08004bb0       0x10 c:/users/joris/chipwh~1/cw/home/portable/armgcc/bin/../lib/gcc/arm-none-eabi/10.2.1/../../../../arm-none-eabi/lib/thumb/v7e-m/nofp\libnosys.a(isatty.o)
                0x08004bb0                _isatty
 .text._kill    0x08004bc0       0x10 c:/users/joris/chipwh~1/cw/home/portable/armgcc/bin/../lib/gcc/arm-none-eabi/10.2.1/../../../../arm-none-eabi/lib/thumb/v7e-m/nofp\libnosys.a(kill.o)
                0x08004bc0                _kill
 .text._lseek   0x08004bd0       0x10 c:/users/joris/chipwh~1/cw/home/portable/armgcc/bin/../lib/gcc/arm-none-eabi/10.2.1/../../../../arm-none-eabi/lib/thumb/v7e-m/nofp\libnosys.a(lseek.o)
                0x08004bd0                _lseek
 .text._open    0x08004be0       0x10 c:/users/joris/chipwh~1/cw/home/portable/armgcc/bin/../lib/gcc/arm-none-eabi/10.2.1/../../../../arm-none-eabi/lib/thumb/v7e-m/nofp\libnosys.a(open.o)
                0x08004be0                _open
 .text._read    0x08004bf0       0x10 c:/users/joris/chipwh~1/cw/home/portable/armgcc/bin/../lib/gcc/arm-none-eabi/10.2.1/../../../../arm-none-eabi/lib/thumb/v7e-m/nofp\libnosys.a(read.o)
                0x08004bf0                _read
 .text._write   0x08004c00       0x10 c:/users/joris/chipwh~1/cw/home/portable/armgcc/bin/../lib/gcc/arm-none-eabi/10.2.1/../../../../arm-none-eabi/lib/thumb/v7e-m/nofp\libnosys.a(write.o)
                0x08004c00                _write
 .text._exit    0x08004c10        0x4 c:/users/joris/chipwh~1/cw/home/portable/armgcc/bin/../lib/gcc/arm-none-eabi/10.2.1/../../../../arm-none-eabi/lib/thumb/v7e-m/nofp\libnosys.a(_exit.o)
                0x08004c10                _exit
 *(.glue_7)
 .glue_7        0x08004c14        0x0 linker stubs
 *(.glue_7t)
 .glue_7t       0x08004c14        0x0 linker stubs
 *(.eh_frame)
 .eh_frame      0x08004c14        0x0 c:/users/joris/chipwh~1/cw/home/portable/armgcc/bin/../lib/gcc/arm-none-eabi/10.2.1/thumb/v7e-m/nofp/crtbegin.o
 *(.init)
 .init          0x08004c14        0x4 c:/users/joris/chipwh~1/cw/home/portable/armgcc/bin/../lib/gcc/arm-none-eabi/10.2.1/thumb/v7e-m/nofp/crti.o
                0x08004c14                _init
 .init          0x08004c18        0x8 c:/users/joris/chipwh~1/cw/home/portable/armgcc/bin/../lib/gcc/arm-none-eabi/10.2.1/thumb/v7e-m/nofp/crtn.o
 *(.fini)
 .fini          0x08004c20        0x4 c:/users/joris/chipwh~1/cw/home/portable/armgcc/bin/../lib/gcc/arm-none-eabi/10.2.1/thumb/v7e-m/nofp/crti.o
                0x08004c20                _fini
 .fini          0x08004c24        0x8 c:/users/joris/chipwh~1/cw/home/portable/armgcc/bin/../lib/gcc/arm-none-eabi/10.2.1/thumb/v7e-m/nofp/crtn.o
                0x08004c2c                . = ALIGN (0x4)
                0x08004c2c                _etext = .

.vfp11_veneer   0x08004c2c        0x0
 .vfp11_veneer  0x08004c2c        0x0 linker stubs

.v4_bx          0x08004c2c        0x0
 .v4_bx         0x08004c2c        0x0 linker stubs

.iplt           0x08004c2c        0x0
 .iplt          0x08004c2c        0x0 c:/users/joris/chipwh~1/cw/home/portable/armgcc/bin/../lib/gcc/arm-none-eabi/10.2.1/thumb/v7e-m/nofp/crtbegin.o

.rodata         0x08004c30     0x11a4
                0x08004c30                . = ALIGN (0x4)
 *(.rodata)
 .rodata        0x08004c30      0xab8 objdir-CWLITEARM/main.o
 .rodata        0x080056e8        0x3 objdir-CWLITEARM/stm32f3_hal_lowlevel.o
 *(.rodata*)
 .rodata.str1.1
                0x080056eb      0x255 objdir-CWLITEARM/main.o
                                0x260 (size before relaxing)
 .rodata.str1.1
                0x08005940      0x166 objdir-CWLITEARM/mlp_classifier.o
                                0x193 (size before relaxing)
 .rodata.str1.1
                0x08005aa6       0x8e objdir-CWLITEARM/write_csv.o
 *fill*         0x08005b34        0x4 
 .rodata.halF   0x08005b38       0x10 c:/users/joris/chipwh~1/cw/home/portable/armgcc/bin/../lib/gcc/arm-none-eabi/10.2.1/../../../../arm-none-eabi/lib/thumb/v7e-m/nofp\libm.a(lib_a-e_exp.o)
 .rodata.ln2HI  0x08005b48       0x10 c:/users/joris/chipwh~1/cw/home/portable/armgcc/bin/../lib/gcc/arm-none-eabi/10.2.1/../../../../arm-none-eabi/lib/thumb/v7e-m/nofp\libm.a(lib_a-e_exp.o)
 .rodata.ln2LO  0x08005b58       0x10 c:/users/joris/chipwh~1/cw/home/portable/armgcc/bin/../lib/gcc/arm-none-eabi/10.2.1/../../../../arm-none-eabi/lib/thumb/v7e-m/nofp\libm.a(lib_a-e_exp.o)
 .rodata.__sf_fake_stderr
                0x08005b68       0x20 c:/users/joris/chipwh~1/cw/home/portable/armgcc/bin/../lib/gcc/arm-none-eabi/10.2.1/../../../../arm-none-eabi/lib/thumb/v7e-m/nofp\libg_nano.a(lib_a-findfp.o)
                0x08005b68                __sf_fake_stderr
 .rodata.__sf_fake_stdin
                0x08005b88       0x20 c:/users/joris/chipwh~1/cw/home/portable/armgcc/bin/../lib/gcc/arm-none-eabi/10.2.1/../../../../arm-none-eabi/lib/thumb/v7e-m/nofp\libg_nano.a(lib_a-findfp.o)
                0x08005b88                __sf_fake_stdin
 .rodata.__sf_fake_stdout
                0x08005ba8       0x20 c:/users/joris/chipwh~1/cw/home/portable/armgcc/bin/../lib/gcc/arm-none-eabi/10.2.1/../../../../arm-none-eabi/lib/thumb/v7e-m/nofp\libg_nano.a(lib_a-findfp.o)
                0x08005ba8                __sf_fake_stdout
 .rodata._global_impure_ptr
                0x08005bc8        0x4 c:/users/joris/chipwh~1/cw/home/portable/armgcc/bin/../lib/gcc/arm-none-eabi/10.2.1/../../../../arm-none-eabi/lib/thumb/v7e-m/nofp\libg_nano.a(lib_a-impure.o)
                0x08005bc8                _global_impure_ptr
 .rodata._vfprintf_r.str1.1
                0x08005bcc       0x11 c:/users/joris/chipwh~1/cw/home/portable/armgcc/bin/../lib/gcc/arm-none-eabi/10.2.1/../../../../arm-none-eabi/lib/thumb/v7e-m/nofp\libg_nano.a(lib_a-nano-vfprintf.o)
 .rodata._printf_i.str1.1
                0x08005bdd       0x22 c:/users/joris/chipwh~1/cw/home/portable/armgcc/bin/../lib/gcc/arm-none-eabi/10.2.1/../../../../arm-none-eabi/lib/thumb/v7e-m/nofp\libg_nano.a(lib_a-nano-vfprintf_i.o)
 .rodata.strtok.str1.1
                0x08005bff       0x96 c:/users/joris/chipwh~1/cw/home/portable/armgcc/bin/../lib/gcc/arm-none-eabi/10.2.1/../../../../arm-none-eabi/lib/thumb/v7e-m/nofp\libg_nano.a(lib_a-strtok.o)
 .rodata.__assert_func.str1.1
                0x08005c95       0x3c c:/users/joris/chipwh~1/cw/home/portable/armgcc/bin/../lib/gcc/arm-none-eabi/10.2.1/../../../../arm-none-eabi/lib/thumb/v7e-m/nofp\libg_nano.a(lib_a-assert.o)
                                 0x3d (size before relaxing)
 .rodata._ctype_
                0x08005cd1      0x101 c:/users/joris/chipwh~1/cw/home/portable/armgcc/bin/../lib/gcc/arm-none-eabi/10.2.1/../../../../arm-none-eabi/lib/thumb/v7e-m/nofp\libg_nano.a(lib_a-ctype_.o)
                0x08005cd1                _ctype_
                0x08005dd4                . = ALIGN (0x4)
 *fill*         0x08005dd2        0x2 

.rel.dyn        0x08005dd4        0x0
 .rel.iplt      0x08005dd4        0x0 c:/users/joris/chipwh~1/cw/home/portable/armgcc/bin/../lib/gcc/arm-none-eabi/10.2.1/thumb/v7e-m/nofp/crtbegin.o

.ARM.extab      0x08005dd4        0x0
                0x08005dd4                . = ALIGN (0x4)
 *(.ARM.extab* .gnu.linkonce.armextab.*)
                0x08005dd4                . = ALIGN (0x4)

.ARM            0x08005dd4        0x0
                0x08005dd4                . = ALIGN (0x4)
                0x08005dd4                __exidx_start = .
 *(.ARM.exidx*)
                0x08005dd4                __exidx_end = .
                0x08005dd4                . = ALIGN (0x4)

.preinit_array  0x08005dd4        0x0
                0x08005dd4                . = ALIGN (0x4)
                0x08005dd4                PROVIDE (__preinit_array_start = .)
 *(.preinit_array*)
                0x08005dd4                PROVIDE (__preinit_array_end = .)
                0x08005dd4                . = ALIGN (0x4)

.init_array     0x08005dd4        0x4
                0x08005dd4                . = ALIGN (0x4)
                0x08005dd4                PROVIDE (__init_array_start = .)
 *(SORT_BY_NAME(.init_array.*))
 *(.init_array*)
 .init_array    0x08005dd4        0x4 c:/users/joris/chipwh~1/cw/home/portable/armgcc/bin/../lib/gcc/arm-none-eabi/10.2.1/thumb/v7e-m/nofp/crtbegin.o
                0x08005dd8                PROVIDE (__init_array_end = .)
                0x08005dd8                . = ALIGN (0x4)

.fini_array     0x08005dd8        0x4
                0x08005dd8                . = ALIGN (0x4)
                [!provide]                PROVIDE (__fini_array_start = .)
 *(SORT_BY_NAME(.fini_array.*))
 *(.fini_array*)
 .fini_array    0x08005dd8        0x4 c:/users/joris/chipwh~1/cw/home/portable/armgcc/bin/../lib/gcc/arm-none-eabi/10.2.1/thumb/v7e-m/nofp/crtbegin.o
                [!provide]                PROVIDE (__fini_array_end = .)
                0x08005ddc                . = ALIGN (0x4)
                0x08005ddc                _sidata = LOADADDR (.data)

.data           0x20000000       0x68 load address 0x08005ddc
                0x20000000                . = ALIGN (0x4)
                0x20000000                _sdata = .
 *(.data)
 *(.data*)
 .data.__fdlib_version
                0x20000000        0x1 c:/users/joris/chipwh~1/cw/home/portable/armgcc/bin/../lib/gcc/arm-none-eabi/10.2.1/../../../../arm-none-eabi/lib/thumb/v7e-m/nofp\libm.a(lib_a-s_lib_ver.o)
                0x20000000                __fdlib_version
 *fill*         0x20000001        0x3 
 .data._impure_ptr
                0x20000004        0x4 c:/users/joris/chipwh~1/cw/home/portable/armgcc/bin/../lib/gcc/arm-none-eabi/10.2.1/../../../../arm-none-eabi/lib/thumb/v7e-m/nofp\libg_nano.a(lib_a-impure.o)
                0x20000004                _impure_ptr
 .data.impure_data
                0x20000008       0x60 c:/users/joris/chipwh~1/cw/home/portable/armgcc/bin/../lib/gcc/arm-none-eabi/10.2.1/../../../../arm-none-eabi/lib/thumb/v7e-m/nofp\libg_nano.a(lib_a-impure.o)
                0x20000068                . = ALIGN (0x4)
                0x20000068                _edata = .

.igot.plt       0x20000068        0x0 load address 0x08005e44
 .igot.plt      0x20000068        0x0 c:/users/joris/chipwh~1/cw/home/portable/armgcc/bin/../lib/gcc/arm-none-eabi/10.2.1/thumb/v7e-m/nofp/crtbegin.o
                0x20000068                . = ALIGN (0x4)

.bss            0x20000068      0x174 load address 0x08005e44
                0x20000068                _sbss = .
                0x20000068                __bss_start__ = _sbss
 *(.bss)
 .bss           0x20000068       0x1c c:/users/joris/chipwh~1/cw/home/portable/armgcc/bin/../lib/gcc/arm-none-eabi/10.2.1/thumb/v7e-m/nofp/crtbegin.o
 .bss           0x20000084        0x8 objdir-CWLITEARM/main.o
                0x20000084                param
                0x20000088                layer_sizes
 .bss           0x2000008c       0xc4 objdir-CWLITEARM/simpleserial.o
 .bss           0x20000150       0x70 objdir-CWLITEARM/stm32f3_hal.o
                0x20000150                UartHandle
 .bss           0x200001c0        0x8 objdir-CWLITEARM/stm32f3_hal_lowlevel.o
                0x200001c0                hal_sys_tick
                0x200001c4                uwTick
 .bss           0x200001c8        0x4 objdir-CWLITEARM/stm32f3_sysmem.o
 *(.bss*)
 .bss.__lock___malloc_recursive_mutex
                0x200001cc        0x1 c:/users/joris/chipwh~1/cw/home/portable/armgcc/bin/../lib/gcc/arm-none-eabi/10.2.1/../../../../arm-none-eabi/lib/thumb/v7e-m/nofp\libg_nano.a(lib_a-lock.o)
                0x200001cc                __lock___malloc_recursive_mutex
 .bss.__lock___sfp_recursive_mutex
                0x200001cd        0x1 c:/users/joris/chipwh~1/cw/home/portable/armgcc/bin/../lib/gcc/arm-none-eabi/10.2.1/../../../../arm-none-eabi/lib/thumb/v7e-m/nofp\libg_nano.a(lib_a-lock.o)
                0x200001cd                __lock___sfp_recursive_mutex
 .bss.__lock___sinit_recursive_mutex
                0x200001ce        0x1 c:/users/joris/chipwh~1/cw/home/portable/armgcc/bin/../lib/gcc/arm-none-eabi/10.2.1/../../../../arm-none-eabi/lib/thumb/v7e-m/nofp\libg_nano.a(lib_a-lock.o)
                0x200001ce                __lock___sinit_recursive_mutex
 *fill*         0x200001cf        0x1 
 .bss.__malloc_free_list
                0x200001d0        0x4 c:/users/joris/chipwh~1/cw/home/portable/armgcc/bin/../lib/gcc/arm-none-eabi/10.2.1/../../../../arm-none-eabi/lib/thumb/v7e-m/nofp\libg_nano.a(lib_a-nano-mallocr.o)
                0x200001d0                __malloc_free_list
 .bss.__malloc_sbrk_start
                0x200001d4        0x4 c:/users/joris/chipwh~1/cw/home/portable/armgcc/bin/../lib/gcc/arm-none-eabi/10.2.1/../../../../arm-none-eabi/lib/thumb/v7e-m/nofp\libg_nano.a(lib_a-nano-mallocr.o)
                0x200001d4                __malloc_sbrk_start
 .bss.errno     0x200001d8        0x4 c:/users/joris/chipwh~1/cw/home/portable/armgcc/bin/../lib/gcc/arm-none-eabi/10.2.1/../../../../arm-none-eabi/lib/thumb/v7e-m/nofp\libg_nano.a(lib_a-reent.o)
                0x200001d8                errno
 *(COMMON)
                0x200001dc                . = ALIGN (0x4)
                0x200001dc                _ebss = .
                0x200001dc                __bss_end__ = _ebss

._user_heap_stack
                0x200001dc      0x404 load address 0x08005e44
                0x200001e0                . = ALIGN (0x8)
 *fill*         0x200001dc        0x4 
                0x200001e0                PROVIDE (end = .)
                [!provide]                PROVIDE (_end = .)
                0x200001e0                . = (. + _Min_Heap_Size)
                0x200005e0                . = (. + _Min_Stack_Size)
 *fill*         0x200001e0      0x400 
                0x200005e0                . = ALIGN (0x8)

/DISCARD/
 libc.a(*)
 libm.a(*)
 libgcc.a(*)

.ARM.attributes
                0x00000000       0x2a
 *(.ARM.attributes)
 .ARM.attributes
                0x00000000       0x1e c:/users/joris/chipwh~1/cw/home/portable/armgcc/bin/../lib/gcc/arm-none-eabi/10.2.1/thumb/v7e-m/nofp/crti.o
 .ARM.attributes
                0x0000001e       0x2e c:/users/joris/chipwh~1/cw/home/portable/armgcc/bin/../lib/gcc/arm-none-eabi/10.2.1/thumb/v7e-m/nofp/crtbegin.o
 .ARM.attributes
                0x0000004c       0x2e objdir-CWLITEARM/main.o
 .ARM.attributes
                0x0000007a       0x2e objdir-CWLITEARM/mlp_classifier.o
 .ARM.attributes
                0x000000a8       0x2e objdir-CWLITEARM/write_csv.o
 .ARM.attributes
                0x000000d6       0x2e objdir-CWLITEARM/simpleserial.o
 .ARM.attributes
                0x00000104       0x2e objdir-CWLITEARM/stm32f3_hal.o
 .ARM.attributes
                0x00000132       0x2e objdir-CWLITEARM/stm32f3_hal_lowlevel.o
 .ARM.attributes
                0x00000160       0x2e objdir-CWLITEARM/stm32f3_sysmem.o
 .ARM.attributes
                0x0000018e       0x21 objdir-CWLITEARM/stm32f3_startup.o
 .ARM.attributes
                0x000001af       0x2e c:/users/joris/chipwh~1/cw/home/portable/armgcc/bin/../lib/gcc/arm-none-eabi/10.2.1/../../../../arm-none-eabi/lib/thumb/v7e-m/nofp\libm.a(lib_a-s_tanh.o)
 .ARM.attributes
                0x000001dd       0x2e c:/users/joris/chipwh~1/cw/home/portable/armgcc/bin/../lib/gcc/arm-none-eabi/10.2.1/../../../../arm-none-eabi/lib/thumb/v7e-m/nofp\libm.a(lib_a-w_exp.o)
 .ARM.attributes
                0x0000020b       0x2e c:/users/joris/chipwh~1/cw/home/portable/armgcc/bin/../lib/gcc/arm-none-eabi/10.2.1/../../../../arm-none-eabi/lib/thumb/v7e-m/nofp\libm.a(lib_a-e_exp.o)
 .ARM.attributes
                0x00000239       0x2e c:/users/joris/chipwh~1/cw/home/portable/armgcc/bin/../lib/gcc/arm-none-eabi/10.2.1/../../../../arm-none-eabi/lib/thumb/v7e-m/nofp\libm.a(lib_a-s_expm1.o)
 .ARM.attributes
                0x00000267       0x2e c:/users/joris/chipwh~1/cw/home/portable/armgcc/bin/../lib/gcc/arm-none-eabi/10.2.1/../../../../arm-none-eabi/lib/thumb/v7e-m/nofp\libm.a(lib_a-s_fabs.o)
 .ARM.attributes
                0x00000295       0x2e c:/users/joris/chipwh~1/cw/home/portable/armgcc/bin/../lib/gcc/arm-none-eabi/10.2.1/../../../../arm-none-eabi/lib/thumb/v7e-m/nofp\libm.a(lib_a-s_finite.o)
 .ARM.attributes
                0x000002c3       0x2e c:/users/joris/chipwh~1/cw/home/portable/armgcc/bin/../lib/gcc/arm-none-eabi/10.2.1/../../../../arm-none-eabi/lib/thumb/v7e-m/nofp\libm.a(lib_a-s_lib_ver.o)
 .ARM.attributes
                0x000002f1       0x2e c:/users/joris/chipwh~1/cw/home/portable/armgcc/bin/../lib/gcc/arm-none-eabi/10.2.1/../../../../arm-none-eabi/lib/thumb/v7e-m/nofp\libm.a(lib_a-math_err.o)
 .ARM.attributes
                0x0000031f       0x1e c:/users/joris/chipwh~1/cw/home/portable/armgcc/bin/../lib/gcc/arm-none-eabi/10.2.1/thumb/v7e-m/nofp\libgcc.a(_arm_addsubdf3.o)
 .ARM.attributes
                0x0000033d       0x1e c:/users/joris/chipwh~1/cw/home/portable/armgcc/bin/../lib/gcc/arm-none-eabi/10.2.1/thumb/v7e-m/nofp\libgcc.a(_arm_muldivdf3.o)
 .ARM.attributes
                0x0000035b       0x1e c:/users/joris/chipwh~1/cw/home/portable/armgcc/bin/../lib/gcc/arm-none-eabi/10.2.1/thumb/v7e-m/nofp\libgcc.a(_arm_cmpdf2.o)
 .ARM.attributes
                0x00000379       0x1e c:/users/joris/chipwh~1/cw/home/portable/armgcc/bin/../lib/gcc/arm-none-eabi/10.2.1/thumb/v7e-m/nofp\libgcc.a(_arm_fixdfsi.o)
 .ARM.attributes
                0x00000397       0x2e c:/users/joris/chipwh~1/cw/home/portable/armgcc/bin/../lib/gcc/arm-none-eabi/10.2.1/../../../../arm-none-eabi/lib/thumb/v7e-m/nofp\libg_nano.a(lib_a-atoi.o)
 .ARM.attributes
                0x000003c5       0x2e c:/users/joris/chipwh~1/cw/home/portable/armgcc/bin/../lib/gcc/arm-none-eabi/10.2.1/../../../../arm-none-eabi/lib/thumb/v7e-m/nofp\libg_nano.a(lib_a-calloc.o)
 .ARM.attributes
                0x000003f3       0x2e c:/users/joris/chipwh~1/cw/home/portable/armgcc/bin/../lib/gcc/arm-none-eabi/10.2.1/../../../../arm-none-eabi/lib/thumb/v7e-m/nofp\libg_nano.a(lib_a-errno.o)
 .ARM.attributes
                0x00000421       0x2e c:/users/joris/chipwh~1/cw/home/portable/armgcc/bin/../lib/gcc/arm-none-eabi/10.2.1/../../../../arm-none-eabi/lib/thumb/v7e-m/nofp\libg_nano.a(lib_a-exit.o)
 .ARM.attributes
                0x0000044f       0x2e c:/users/joris/chipwh~1/cw/home/portable/armgcc/bin/../lib/gcc/arm-none-eabi/10.2.1/../../../../arm-none-eabi/lib/thumb/v7e-m/nofp\libg_nano.a(lib_a-fclose.o)
 .ARM.attributes
                0x0000047d       0x2e c:/users/joris/chipwh~1/cw/home/portable/armgcc/bin/../lib/gcc/arm-none-eabi/10.2.1/../../../../arm-none-eabi/lib/thumb/v7e-m/nofp\libg_nano.a(lib_a-fflush.o)
 .ARM.attributes
                0x000004ab       0x2e c:/users/joris/chipwh~1/cw/home/portable/armgcc/bin/../lib/gcc/arm-none-eabi/10.2.1/../../../../arm-none-eabi/lib/thumb/v7e-m/nofp\libg_nano.a(lib_a-findfp.o)
 .ARM.attributes
                0x000004d9       0x2e c:/users/joris/chipwh~1/cw/home/portable/armgcc/bin/../lib/gcc/arm-none-eabi/10.2.1/../../../../arm-none-eabi/lib/thumb/v7e-m/nofp\libg_nano.a(lib_a-fopen.o)
 .ARM.attributes
                0x00000507       0x2e c:/users/joris/chipwh~1/cw/home/portable/armgcc/bin/../lib/gcc/arm-none-eabi/10.2.1/../../../../arm-none-eabi/lib/thumb/v7e-m/nofp\libg_nano.a(lib_a-fprintf.o)
 .ARM.attributes
                0x00000535       0x2e c:/users/joris/chipwh~1/cw/home/portable/armgcc/bin/../lib/gcc/arm-none-eabi/10.2.1/../../../../arm-none-eabi/lib/thumb/v7e-m/nofp\libg_nano.a(lib_a-fseek.o)
 .ARM.attributes
                0x00000563       0x2e c:/users/joris/chipwh~1/cw/home/portable/armgcc/bin/../lib/gcc/arm-none-eabi/10.2.1/../../../../arm-none-eabi/lib/thumb/v7e-m/nofp\libg_nano.a(lib_a-fseeko.o)
 .ARM.attributes
                0x00000591       0x2e c:/users/joris/chipwh~1/cw/home/portable/armgcc/bin/../lib/gcc/arm-none-eabi/10.2.1/../../../../arm-none-eabi/lib/thumb/v7e-m/nofp\libg_nano.a(lib_a-ftello.o)
 .ARM.attributes
                0x000005bf       0x2e c:/users/joris/chipwh~1/cw/home/portable/armgcc/bin/../lib/gcc/arm-none-eabi/10.2.1/../../../../arm-none-eabi/lib/thumb/v7e-m/nofp\libg_nano.a(lib_a-fwalk.o)
 .ARM.attributes
                0x000005ed       0x2e c:/users/joris/chipwh~1/cw/home/portable/armgcc/bin/../lib/gcc/arm-none-eabi/10.2.1/../../../../arm-none-eabi/lib/thumb/v7e-m/nofp\libg_nano.a(lib_a-impure.o)
 .ARM.attributes
                0x0000061b       0x2e c:/users/joris/chipwh~1/cw/home/portable/armgcc/bin/../lib/gcc/arm-none-eabi/10.2.1/../../../../arm-none-eabi/lib/thumb/v7e-m/nofp\libg_nano.a(lib_a-init.o)
 .ARM.attributes
                0x00000649       0x2e c:/users/joris/chipwh~1/cw/home/portable/armgcc/bin/../lib/gcc/arm-none-eabi/10.2.1/../../../../arm-none-eabi/lib/thumb/v7e-m/nofp\libg_nano.a(lib_a-lock.o)
 .ARM.attributes
                0x00000677       0x2e c:/users/joris/chipwh~1/cw/home/portable/armgcc/bin/../lib/gcc/arm-none-eabi/10.2.1/../../../../arm-none-eabi/lib/thumb/v7e-m/nofp\libg_nano.a(lib_a-makebuf.o)
 .ARM.attributes
                0x000006a5       0x2e c:/users/joris/chipwh~1/cw/home/portable/armgcc/bin/../lib/gcc/arm-none-eabi/10.2.1/../../../../arm-none-eabi/lib/thumb/v7e-m/nofp\libg_nano.a(lib_a-malloc.o)
 .ARM.attributes
                0x000006d3       0x1c c:/users/joris/chipwh~1/cw/home/portable/armgcc/bin/../lib/gcc/arm-none-eabi/10.2.1/../../../../arm-none-eabi/lib/thumb/v7e-m/nofp\libg_nano.a(lib_a-memchr.o)
 .ARM.attributes
                0x000006ef       0x2e c:/users/joris/chipwh~1/cw/home/portable/armgcc/bin/../lib/gcc/arm-none-eabi/10.2.1/../../../../arm-none-eabi/lib/thumb/v7e-m/nofp\libg_nano.a(lib_a-memcpy-stub.o)
 .ARM.attributes
                0x0000071d       0x2e c:/users/joris/chipwh~1/cw/home/portable/armgcc/bin/../lib/gcc/arm-none-eabi/10.2.1/../../../../arm-none-eabi/lib/thumb/v7e-m/nofp\libg_nano.a(lib_a-memset.o)
 .ARM.attributes
                0x0000074b       0x2e c:/users/joris/chipwh~1/cw/home/portable/armgcc/bin/../lib/gcc/arm-none-eabi/10.2.1/../../../../arm-none-eabi/lib/thumb/v7e-m/nofp\libg_nano.a(lib_a-nano-callocr.o)
 .ARM.attributes
                0x00000779       0x2e c:/users/joris/chipwh~1/cw/home/portable/armgcc/bin/../lib/gcc/arm-none-eabi/10.2.1/../../../../arm-none-eabi/lib/thumb/v7e-m/nofp\libg_nano.a(lib_a-nano-freer.o)
 .ARM.attributes
                0x000007a7       0x2e c:/users/joris/chipwh~1/cw/home/portable/armgcc/bin/../lib/gcc/arm-none-eabi/10.2.1/../../../../arm-none-eabi/lib/thumb/v7e-m/nofp\libg_nano.a(lib_a-nano-mallocr.o)
 .ARM.attributes
                0x000007d5       0x2e c:/users/joris/chipwh~1/cw/home/portable/armgcc/bin/../lib/gcc/arm-none-eabi/10.2.1/../../../../arm-none-eabi/lib/thumb/v7e-m/nofp\libg_nano.a(lib_a-nano-vfprintf.o)
 .ARM.attributes
                0x00000803       0x2e c:/users/joris/chipwh~1/cw/home/portable/armgcc/bin/../lib/gcc/arm-none-eabi/10.2.1/../../../../arm-none-eabi/lib/thumb/v7e-m/nofp\libg_nano.a(lib_a-nano-vfprintf_i.o)
 .ARM.attributes
                0x00000831       0x2e c:/users/joris/chipwh~1/cw/home/portable/armgcc/bin/../lib/gcc/arm-none-eabi/10.2.1/../../../../arm-none-eabi/lib/thumb/v7e-m/nofp\libg_nano.a(lib_a-openr.o)
 .ARM.attributes
                0x0000085f       0x2e c:/users/joris/chipwh~1/cw/home/portable/armgcc/bin/../lib/gcc/arm-none-eabi/10.2.1/../../../../arm-none-eabi/lib/thumb/v7e-m/nofp\libg_nano.a(lib_a-printf.o)
 .ARM.attributes
                0x0000088d       0x2e c:/users/joris/chipwh~1/cw/home/portable/armgcc/bin/../lib/gcc/arm-none-eabi/10.2.1/../../../../arm-none-eabi/lib/thumb/v7e-m/nofp\libg_nano.a(lib_a-putchar.o)
 .ARM.attributes
                0x000008bb       0x2e c:/users/joris/chipwh~1/cw/home/portable/armgcc/bin/../lib/gcc/arm-none-eabi/10.2.1/../../../../arm-none-eabi/lib/thumb/v7e-m/nofp\libg_nano.a(lib_a-puts.o)
 .ARM.attributes
                0x000008e9       0x2e c:/users/joris/chipwh~1/cw/home/portable/armgcc/bin/../lib/gcc/arm-none-eabi/10.2.1/../../../../arm-none-eabi/lib/thumb/v7e-m/nofp\libg_nano.a(lib_a-reent.o)
 .ARM.attributes
                0x00000917       0x2e c:/users/joris/chipwh~1/cw/home/portable/armgcc/bin/../lib/gcc/arm-none-eabi/10.2.1/../../../../arm-none-eabi/lib/thumb/v7e-m/nofp\libg_nano.a(lib_a-sbrkr.o)
 .ARM.attributes
                0x00000945       0x2e c:/users/joris/chipwh~1/cw/home/portable/armgcc/bin/../lib/gcc/arm-none-eabi/10.2.1/../../../../arm-none-eabi/lib/thumb/v7e-m/nofp\libg_nano.a(lib_a-stdio.o)
 .ARM.attributes
                0x00000973       0x1c c:/users/joris/chipwh~1/cw/home/portable/armgcc/bin/../lib/gcc/arm-none-eabi/10.2.1/../../../../arm-none-eabi/lib/thumb/v7e-m/nofp\libg_nano.a(lib_a-strcmp.o)
 .ARM.attributes
                0x0000098f       0x2e c:/users/joris/chipwh~1/cw/home/portable/armgcc/bin/../lib/gcc/arm-none-eabi/10.2.1/../../../../arm-none-eabi/lib/thumb/v7e-m/nofp\libg_nano.a(lib_a-strcpy.o)
 .ARM.attributes
                0x000009bd       0x17 c:/users/joris/chipwh~1/cw/home/portable/armgcc/bin/../lib/gcc/arm-none-eabi/10.2.1/../../../../arm-none-eabi/lib/thumb/v7e-m/nofp\libg_nano.a(lib_a-strlen.o)
 .ARM.attributes
                0x000009d4       0x2e c:/users/joris/chipwh~1/cw/home/portable/armgcc/bin/../lib/gcc/arm-none-eabi/10.2.1/../../../../arm-none-eabi/lib/thumb/v7e-m/nofp\libg_nano.a(lib_a-strtok.o)
 .ARM.attributes
                0x00000a02       0x2e c:/users/joris/chipwh~1/cw/home/portable/armgcc/bin/../lib/gcc/arm-none-eabi/10.2.1/../../../../arm-none-eabi/lib/thumb/v7e-m/nofp\libg_nano.a(lib_a-strtok_r.o)
 .ARM.attributes
                0x00000a30       0x2e c:/users/joris/chipwh~1/cw/home/portable/armgcc/bin/../lib/gcc/arm-none-eabi/10.2.1/../../../../arm-none-eabi/lib/thumb/v7e-m/nofp\libg_nano.a(lib_a-strtol.o)
 .ARM.attributes
                0x00000a5e       0x2e c:/users/joris/chipwh~1/cw/home/portable/armgcc/bin/../lib/gcc/arm-none-eabi/10.2.1/../../../../arm-none-eabi/lib/thumb/v7e-m/nofp\libg_nano.a(lib_a-wbuf.o)
 .ARM.attributes
                0x00000a8c       0x2e c:/users/joris/chipwh~1/cw/home/portable/armgcc/bin/../lib/gcc/arm-none-eabi/10.2.1/../../../../arm-none-eabi/lib/thumb/v7e-m/nofp\libg_nano.a(lib_a-writer.o)
 .ARM.attributes
                0x00000aba       0x2e c:/users/joris/chipwh~1/cw/home/portable/armgcc/bin/../lib/gcc/arm-none-eabi/10.2.1/../../../../arm-none-eabi/lib/thumb/v7e-m/nofp\libg_nano.a(lib_a-wsetup.o)
 .ARM.attributes
                0x00000ae8       0x2e c:/users/joris/chipwh~1/cw/home/portable/armgcc/bin/../lib/gcc/arm-none-eabi/10.2.1/../../../../arm-none-eabi/lib/thumb/v7e-m/nofp\libg_nano.a(lib_a-assert.o)
 .ARM.attributes
                0x00000b16       0x2e c:/users/joris/chipwh~1/cw/home/portable/armgcc/bin/../lib/gcc/arm-none-eabi/10.2.1/../../../../arm-none-eabi/lib/thumb/v7e-m/nofp\libg_nano.a(lib_a-closer.o)
 .ARM.attributes
                0x00000b44       0x2e c:/users/joris/chipwh~1/cw/home/portable/armgcc/bin/../lib/gcc/arm-none-eabi/10.2.1/../../../../arm-none-eabi/lib/thumb/v7e-m/nofp\libg_nano.a(lib_a-ctype_.o)
 .ARM.attributes
                0x00000b72       0x2e c:/users/joris/chipwh~1/cw/home/portable/armgcc/bin/../lib/gcc/arm-none-eabi/10.2.1/../../../../arm-none-eabi/lib/thumb/v7e-m/nofp\libg_nano.a(lib_a-flags.o)
 .ARM.attributes
                0x00000ba0       0x2e c:/users/joris/chipwh~1/cw/home/portable/armgcc/bin/../lib/gcc/arm-none-eabi/10.2.1/../../../../arm-none-eabi/lib/thumb/v7e-m/nofp\libg_nano.a(lib_a-fstatr.o)
 .ARM.attributes
                0x00000bce       0x2e c:/users/joris/chipwh~1/cw/home/portable/armgcc/bin/../lib/gcc/arm-none-eabi/10.2.1/../../../../arm-none-eabi/lib/thumb/v7e-m/nofp\libg_nano.a(lib_a-isattyr.o)
 .ARM.attributes
                0x00000bfc       0x2e c:/users/joris/chipwh~1/cw/home/portable/armgcc/bin/../lib/gcc/arm-none-eabi/10.2.1/../../../../arm-none-eabi/lib/thumb/v7e-m/nofp\libg_nano.a(lib_a-lseekr.o)
 .ARM.attributes
                0x00000c2a       0x2e c:/users/joris/chipwh~1/cw/home/portable/armgcc/bin/../lib/gcc/arm-none-eabi/10.2.1/../../../../arm-none-eabi/lib/thumb/v7e-m/nofp\libg_nano.a(lib_a-mlock.o)
 .ARM.attributes
                0x00000c58       0x2e c:/users/joris/chipwh~1/cw/home/portable/armgcc/bin/../lib/gcc/arm-none-eabi/10.2.1/../../../../arm-none-eabi/lib/thumb/v7e-m/nofp\libg_nano.a(lib_a-putc.o)
 .ARM.attributes
                0x00000c86       0x2e c:/users/joris/chipwh~1/cw/home/portable/armgcc/bin/../lib/gcc/arm-none-eabi/10.2.1/../../../../arm-none-eabi/lib/thumb/v7e-m/nofp\libg_nano.a(lib_a-readr.o)
 .ARM.attributes
                0x00000cb4       0x2e c:/users/joris/chipwh~1/cw/home/portable/armgcc/bin/../lib/gcc/arm-none-eabi/10.2.1/../../../../arm-none-eabi/lib/thumb/v7e-m/nofp\libg_nano.a(lib_a-abort.o)
 .ARM.attributes
                0x00000ce2       0x2e c:/users/joris/chipwh~1/cw/home/portable/armgcc/bin/../lib/gcc/arm-none-eabi/10.2.1/../../../../arm-none-eabi/lib/thumb/v7e-m/nofp\libg_nano.a(lib_a-signal.o)
 .ARM.attributes
                0x00000d10       0x2e c:/users/joris/chipwh~1/cw/home/portable/armgcc/bin/../lib/gcc/arm-none-eabi/10.2.1/../../../../arm-none-eabi/lib/thumb/v7e-m/nofp\libg_nano.a(lib_a-signalr.o)
 .ARM.attributes
                0x00000d3e       0x2e c:/users/joris/chipwh~1/cw/home/portable/armgcc/bin/../lib/gcc/arm-none-eabi/10.2.1/../../../../arm-none-eabi/lib/thumb/v7e-m/nofp\libnosys.a(close.o)
 .ARM.attributes
                0x00000d6c       0x2e c:/users/joris/chipwh~1/cw/home/portable/armgcc/bin/../lib/gcc/arm-none-eabi/10.2.1/../../../../arm-none-eabi/lib/thumb/v7e-m/nofp\libnosys.a(fstat.o)
 .ARM.attributes
                0x00000d9a       0x2e c:/users/joris/chipwh~1/cw/home/portable/armgcc/bin/../lib/gcc/arm-none-eabi/10.2.1/../../../../arm-none-eabi/lib/thumb/v7e-m/nofp\libnosys.a(getpid.o)
 .ARM.attributes
                0x00000dc8       0x2e c:/users/joris/chipwh~1/cw/home/portable/armgcc/bin/../lib/gcc/arm-none-eabi/10.2.1/../../../../arm-none-eabi/lib/thumb/v7e-m/nofp\libnosys.a(isatty.o)
 .ARM.attributes
                0x00000df6       0x2e c:/users/joris/chipwh~1/cw/home/portable/armgcc/bin/../lib/gcc/arm-none-eabi/10.2.1/../../../../arm-none-eabi/lib/thumb/v7e-m/nofp\libnosys.a(kill.o)
 .ARM.attributes
                0x00000e24       0x2e c:/users/joris/chipwh~1/cw/home/portable/armgcc/bin/../lib/gcc/arm-none-eabi/10.2.1/../../../../arm-none-eabi/lib/thumb/v7e-m/nofp\libnosys.a(lseek.o)
 .ARM.attributes
                0x00000e52       0x2e c:/users/joris/chipwh~1/cw/home/portable/armgcc/bin/../lib/gcc/arm-none-eabi/10.2.1/../../../../arm-none-eabi/lib/thumb/v7e-m/nofp\libnosys.a(open.o)
 .ARM.attributes
                0x00000e80       0x2e c:/users/joris/chipwh~1/cw/home/portable/armgcc/bin/../lib/gcc/arm-none-eabi/10.2.1/../../../../arm-none-eabi/lib/thumb/v7e-m/nofp\libnosys.a(read.o)
 .ARM.attributes
                0x00000eae       0x2e c:/users/joris/chipwh~1/cw/home/portable/armgcc/bin/../lib/gcc/arm-none-eabi/10.2.1/../../../../arm-none-eabi/lib/thumb/v7e-m/nofp\libnosys.a(write.o)
 .ARM.attributes
                0x00000edc       0x2e c:/users/joris/chipwh~1/cw/home/portable/armgcc/bin/../lib/gcc/arm-none-eabi/10.2.1/../../../../arm-none-eabi/lib/thumb/v7e-m/nofp\libnosys.a(_exit.o)
 .ARM.attributes
                0x00000f0a       0x1e c:/users/joris/chipwh~1/cw/home/portable/armgcc/bin/../lib/gcc/arm-none-eabi/10.2.1/thumb/v7e-m/nofp/crtn.o
OUTPUT(MLP-CWLITEARM.elf elf32-littlearm)
LOAD linker stubs
LOAD c:/users/joris/chipwh~1/cw/home/portable/armgcc/bin/../lib/gcc/arm-none-eabi/10.2.1/../../../../arm-none-eabi/lib/thumb/v7e-m/nofp\libc.a
LOAD c:/users/joris/chipwh~1/cw/home/portable/armgcc/bin/../lib/gcc/arm-none-eabi/10.2.1/../../../../arm-none-eabi/lib/thumb/v7e-m/nofp\libm.a
LOAD c:/users/joris/chipwh~1/cw/home/portable/armgcc/bin/../lib/gcc/arm-none-eabi/10.2.1/thumb/v7e-m/nofp\libgcc.a

.debug_info     0x00000000     0x5eb0
 .debug_info    0x00000000      0x91b objdir-CWLITEARM/main.o
 .debug_info    0x0000091b      0xc78 objdir-CWLITEARM/mlp_classifier.o
 .debug_info    0x00001593      0xba8 objdir-CWLITEARM/write_csv.o
 .debug_info    0x0000213b      0x815 objdir-CWLITEARM/simpleserial.o
 .debug_info    0x00002950      0xe88 objdir-CWLITEARM/stm32f3_hal.o
 .debug_info    0x000037d8     0x25bf objdir-CWLITEARM/stm32f3_hal_lowlevel.o
 .debug_info    0x00005d97      0x119 objdir-CWLITEARM/stm32f3_sysmem.o

.debug_abbrev   0x00000000      0xf4b
 .debug_abbrev  0x00000000      0x1eb objdir-CWLITEARM/main.o
 .debug_abbrev  0x000001eb      0x185 objdir-CWLITEARM/mlp_classifier.o
 .debug_abbrev  0x00000370      0x1f9 objdir-CWLITEARM/write_csv.o
 .debug_abbrev  0x00000569      0x22d objdir-CWLITEARM/simpleserial.o
 .debug_abbrev  0x00000796      0x225 objdir-CWLITEARM/stm32f3_hal.o
 .debug_abbrev  0x000009bb      0x4af objdir-CWLITEARM/stm32f3_hal_lowlevel.o
 .debug_abbrev  0x00000e6a       0xe1 objdir-CWLITEARM/stm32f3_sysmem.o

.debug_loc      0x00000000     0x351f
 .debug_loc     0x00000000      0x3ed objdir-CWLITEARM/main.o
 .debug_loc     0x000003ed      0xdae objdir-CWLITEARM/mlp_classifier.o
 .debug_loc     0x0000119b      0x209 objdir-CWLITEARM/write_csv.o
 .debug_loc     0x000013a4      0x8f2 objdir-CWLITEARM/simpleserial.o
 .debug_loc     0x00001c96      0x1a4 objdir-CWLITEARM/stm32f3_hal.o
 .debug_loc     0x00001e3a     0x1671 objdir-CWLITEARM/stm32f3_hal_lowlevel.o
 .debug_loc     0x000034ab       0x74 objdir-CWLITEARM/stm32f3_sysmem.o

.debug_aranges  0x00000000      0x218
 .debug_aranges
                0x00000000       0x28 objdir-CWLITEARM/main.o
 .debug_aranges
                0x00000028       0x50 objdir-CWLITEARM/mlp_classifier.o
 .debug_aranges
                0x00000078       0x20 objdir-CWLITEARM/write_csv.o
 .debug_aranges
                0x00000098       0x70 objdir-CWLITEARM/simpleserial.o
 .debug_aranges
                0x00000108       0x60 objdir-CWLITEARM/stm32f3_hal.o
 .debug_aranges
                0x00000168       0x90 objdir-CWLITEARM/stm32f3_hal_lowlevel.o
 .debug_aranges
                0x000001f8       0x20 objdir-CWLITEARM/stm32f3_sysmem.o

.debug_ranges   0x00000000      0x4d0
 .debug_ranges  0x00000000       0x80 objdir-CWLITEARM/main.o
 .debug_ranges  0x00000080       0x90 objdir-CWLITEARM/mlp_classifier.o
 .debug_ranges  0x00000110       0x10 objdir-CWLITEARM/write_csv.o
 .debug_ranges  0x00000120       0xf0 objdir-CWLITEARM/simpleserial.o
 .debug_ranges  0x00000210       0xb0 objdir-CWLITEARM/stm32f3_hal.o
 .debug_ranges  0x000002c0      0x200 objdir-CWLITEARM/stm32f3_hal_lowlevel.o
 .debug_ranges  0x000004c0       0x10 objdir-CWLITEARM/stm32f3_sysmem.o

.debug_line     0x00000000     0x3938
 .debug_line    0x00000000      0x867 objdir-CWLITEARM/main.o
 .debug_line    0x00000867      0xb9d objdir-CWLITEARM/mlp_classifier.o
 .debug_line    0x00001404      0x242 objdir-CWLITEARM/write_csv.o
 .debug_line    0x00001646      0x668 objdir-CWLITEARM/simpleserial.o
 .debug_line    0x00001cae      0x3f7 objdir-CWLITEARM/stm32f3_hal.o
 .debug_line    0x000020a5     0x1773 objdir-CWLITEARM/stm32f3_hal_lowlevel.o
 .debug_line    0x00003818      0x120 objdir-CWLITEARM/stm32f3_sysmem.o

.debug_str      0x00000000     0x1acc
 .debug_str     0x00000000      0x3c5 objdir-CWLITEARM/main.o
                                0x41e (size before relaxing)
 .debug_str     0x000003c5      0x1e9 objdir-CWLITEARM/mlp_classifier.o
                                0x530 (size before relaxing)
 .debug_str     0x000005ae      0x3d2 objdir-CWLITEARM/write_csv.o
                                0x5ca (size before relaxing)
 .debug_str     0x00000980      0x102 objdir-CWLITEARM/simpleserial.o
                                0x35b (size before relaxing)
 .debug_str     0x00000a82      0x713 objdir-CWLITEARM/stm32f3_hal.o
                                0x96a (size before relaxing)
 .debug_str     0x00001195      0x8ca objdir-CWLITEARM/stm32f3_hal_lowlevel.o
                               0x11cf (size before relaxing)
 .debug_str     0x00001a5f       0x6d objdir-CWLITEARM/stm32f3_sysmem.o
                                0x228 (size before relaxing)

.comment        0x00000000       0x4d
 .comment       0x00000000       0x4d objdir-CWLITEARM/main.o
                                 0x4e (size before relaxing)
 .comment       0x0000004d       0x4e objdir-CWLITEARM/mlp_classifier.o
 .comment       0x0000004d       0x4e objdir-CWLITEARM/write_csv.o
 .comment       0x0000004d       0x4e objdir-CWLITEARM/simpleserial.o
 .comment       0x0000004d       0x4e objdir-CWLITEARM/stm32f3_hal.o
 .comment       0x0000004d       0x4e objdir-CWLITEARM/stm32f3_hal_lowlevel.o
 .comment       0x0000004d       0x4e objdir-CWLITEARM/stm32f3_sysmem.o

.debug_frame    0x00000000     0x19d8
 .debug_frame   0x00000000       0x5c objdir-CWLITEARM/main.o
 .debug_frame   0x0000005c      0x120 objdir-CWLITEARM/mlp_classifier.o
 .debug_frame   0x0000017c       0x48 objdir-CWLITEARM/write_csv.o
 .debug_frame   0x000001c4      0x154 objdir-CWLITEARM/simpleserial.o
 .debug_frame   0x00000318       0xec objdir-CWLITEARM/stm32f3_hal.o
 .debug_frame   0x00000404      0x1d4 objdir-CWLITEARM/stm32f3_hal_lowlevel.o
 .debug_frame   0x000005d8       0x28 objdir-CWLITEARM/stm32f3_sysmem.o
 .debug_frame   0x00000600       0x2c c:/users/joris/chipwh~1/cw/home/portable/armgcc/bin/../lib/gcc/arm-none-eabi/10.2.1/../../../../arm-none-eabi/lib/thumb/v7e-m/nofp\libm.a(lib_a-s_tanh.o)
 .debug_frame   0x0000062c       0x30 c:/users/joris/chipwh~1/cw/home/portable/armgcc/bin/../lib/gcc/arm-none-eabi/10.2.1/../../../../arm-none-eabi/lib/thumb/v7e-m/nofp\libm.a(lib_a-w_exp.o)
 .debug_frame   0x0000065c       0x58 c:/users/joris/chipwh~1/cw/home/portable/armgcc/bin/../lib/gcc/arm-none-eabi/10.2.1/../../../../arm-none-eabi/lib/thumb/v7e-m/nofp\libm.a(lib_a-e_exp.o)
 .debug_frame   0x000006b4       0x58 c:/users/joris/chipwh~1/cw/home/portable/armgcc/bin/../lib/gcc/arm-none-eabi/10.2.1/../../../../arm-none-eabi/lib/thumb/v7e-m/nofp\libm.a(lib_a-s_expm1.o)
 .debug_frame   0x0000070c       0x20 c:/users/joris/chipwh~1/cw/home/portable/armgcc/bin/../lib/gcc/arm-none-eabi/10.2.1/../../../../arm-none-eabi/lib/thumb/v7e-m/nofp\libm.a(lib_a-s_fabs.o)
 .debug_frame   0x0000072c       0x20 c:/users/joris/chipwh~1/cw/home/portable/armgcc/bin/../lib/gcc/arm-none-eabi/10.2.1/../../../../arm-none-eabi/lib/thumb/v7e-m/nofp\libm.a(lib_a-s_finite.o)
 .debug_frame   0x0000074c      0x11c c:/users/joris/chipwh~1/cw/home/portable/armgcc/bin/../lib/gcc/arm-none-eabi/10.2.1/../../../../arm-none-eabi/lib/thumb/v7e-m/nofp\libm.a(lib_a-math_err.o)
 .debug_frame   0x00000868       0xac c:/users/joris/chipwh~1/cw/home/portable/armgcc/bin/../lib/gcc/arm-none-eabi/10.2.1/thumb/v7e-m/nofp\libgcc.a(_arm_addsubdf3.o)
 .debug_frame   0x00000914       0x50 c:/users/joris/chipwh~1/cw/home/portable/armgcc/bin/../lib/gcc/arm-none-eabi/10.2.1/thumb/v7e-m/nofp\libgcc.a(_arm_muldivdf3.o)
 .debug_frame   0x00000964       0xc4 c:/users/joris/chipwh~1/cw/home/portable/armgcc/bin/../lib/gcc/arm-none-eabi/10.2.1/thumb/v7e-m/nofp\libgcc.a(_arm_cmpdf2.o)
 .debug_frame   0x00000a28       0x24 c:/users/joris/chipwh~1/cw/home/portable/armgcc/bin/../lib/gcc/arm-none-eabi/10.2.1/thumb/v7e-m/nofp\libgcc.a(_arm_fixdfsi.o)
 .debug_frame   0x00000a4c       0x30 c:/users/joris/chipwh~1/cw/home/portable/armgcc/bin/../lib/gcc/arm-none-eabi/10.2.1/../../../../arm-none-eabi/lib/thumb/v7e-m/nofp\libg_nano.a(lib_a-atoi.o)
 .debug_frame   0x00000a7c       0x20 c:/users/joris/chipwh~1/cw/home/portable/armgcc/bin/../lib/gcc/arm-none-eabi/10.2.1/../../../../arm-none-eabi/lib/thumb/v7e-m/nofp\libg_nano.a(lib_a-calloc.o)
 .debug_frame   0x00000a9c       0x20 c:/users/joris/chipwh~1/cw/home/portable/armgcc/bin/../lib/gcc/arm-none-eabi/10.2.1/../../../../arm-none-eabi/lib/thumb/v7e-m/nofp\libg_nano.a(lib_a-errno.o)
 .debug_frame   0x00000abc       0x28 c:/users/joris/chipwh~1/cw/home/portable/armgcc/bin/../lib/gcc/arm-none-eabi/10.2.1/../../../../arm-none-eabi/lib/thumb/v7e-m/nofp\libg_nano.a(lib_a-exit.o)
 .debug_frame   0x00000ae4       0x3c c:/users/joris/chipwh~1/cw/home/portable/armgcc/bin/../lib/gcc/arm-none-eabi/10.2.1/../../../../arm-none-eabi/lib/thumb/v7e-m/nofp\libg_nano.a(lib_a-fclose.o)
 .debug_frame   0x00000b20       0x5c c:/users/joris/chipwh~1/cw/home/portable/armgcc/bin/../lib/gcc/arm-none-eabi/10.2.1/../../../../arm-none-eabi/lib/thumb/v7e-m/nofp\libg_nano.a(lib_a-fflush.o)
 .debug_frame   0x00000b7c      0x14c c:/users/joris/chipwh~1/cw/home/portable/armgcc/bin/../lib/gcc/arm-none-eabi/10.2.1/../../../../arm-none-eabi/lib/thumb/v7e-m/nofp\libg_nano.a(lib_a-findfp.o)
 .debug_frame   0x00000cc8       0x44 c:/users/joris/chipwh~1/cw/home/portable/armgcc/bin/../lib/gcc/arm-none-eabi/10.2.1/../../../../arm-none-eabi/lib/thumb/v7e-m/nofp\libg_nano.a(lib_a-fopen.o)
 .debug_frame   0x00000d0c       0x64 c:/users/joris/chipwh~1/cw/home/portable/armgcc/bin/../lib/gcc/arm-none-eabi/10.2.1/../../../../arm-none-eabi/lib/thumb/v7e-m/nofp\libg_nano.a(lib_a-fprintf.o)
 .debug_frame   0x00000d70       0x30 c:/users/joris/chipwh~1/cw/home/portable/armgcc/bin/../lib/gcc/arm-none-eabi/10.2.1/../../../../arm-none-eabi/lib/thumb/v7e-m/nofp\libg_nano.a(lib_a-fseek.o)
 .debug_frame   0x00000da0       0x40 c:/users/joris/chipwh~1/cw/home/portable/armgcc/bin/../lib/gcc/arm-none-eabi/10.2.1/../../../../arm-none-eabi/lib/thumb/v7e-m/nofp\libg_nano.a(lib_a-fseeko.o)
 .debug_frame   0x00000de0       0x3c c:/users/joris/chipwh~1/cw/home/portable/armgcc/bin/../lib/gcc/arm-none-eabi/10.2.1/../../../../arm-none-eabi/lib/thumb/v7e-m/nofp\libg_nano.a(lib_a-ftello.o)
 .debug_frame   0x00000e1c       0x54 c:/users/joris/chipwh~1/cw/home/portable/armgcc/bin/../lib/gcc/arm-none-eabi/10.2.1/../../../../arm-none-eabi/lib/thumb/v7e-m/nofp\libg_nano.a(lib_a-fwalk.o)
 .debug_frame   0x00000e70       0x2c c:/users/joris/chipwh~1/cw/home/portable/armgcc/bin/../lib/gcc/arm-none-eabi/10.2.1/../../../../arm-none-eabi/lib/thumb/v7e-m/nofp\libg_nano.a(lib_a-init.o)
 .debug_frame   0x00000e9c       0xb0 c:/users/joris/chipwh~1/cw/home/portable/armgcc/bin/../lib/gcc/arm-none-eabi/10.2.1/../../../../arm-none-eabi/lib/thumb/v7e-m/nofp\libg_nano.a(lib_a-lock.o)
 .debug_frame   0x00000f4c       0x58 c:/users/joris/chipwh~1/cw/home/portable/armgcc/bin/../lib/gcc/arm-none-eabi/10.2.1/../../../../arm-none-eabi/lib/thumb/v7e-m/nofp\libg_nano.a(lib_a-makebuf.o)
 .debug_frame   0x00000fa4       0x30 c:/users/joris/chipwh~1/cw/home/portable/armgcc/bin/../lib/gcc/arm-none-eabi/10.2.1/../../../../arm-none-eabi/lib/thumb/v7e-m/nofp\libg_nano.a(lib_a-malloc.o)
 .debug_frame   0x00000fd4       0x28 c:/users/joris/chipwh~1/cw/home/portable/armgcc/bin/../lib/gcc/arm-none-eabi/10.2.1/../../../../arm-none-eabi/lib/thumb/v7e-m/nofp\libg_nano.a(lib_a-memcpy-stub.o)
 .debug_frame   0x00000ffc       0x20 c:/users/joris/chipwh~1/cw/home/portable/armgcc/bin/../lib/gcc/arm-none-eabi/10.2.1/../../../../arm-none-eabi/lib/thumb/v7e-m/nofp\libg_nano.a(lib_a-memset.o)
 .debug_frame   0x0000101c       0x2c c:/users/joris/chipwh~1/cw/home/portable/armgcc/bin/../lib/gcc/arm-none-eabi/10.2.1/../../../../arm-none-eabi/lib/thumb/v7e-m/nofp\libg_nano.a(lib_a-nano-callocr.o)
 .debug_frame   0x00001048       0x38 c:/users/joris/chipwh~1/cw/home/portable/armgcc/bin/../lib/gcc/arm-none-eabi/10.2.1/../../../../arm-none-eabi/lib/thumb/v7e-m/nofp\libg_nano.a(lib_a-nano-freer.o)
 .debug_frame   0x00001080       0x30 c:/users/joris/chipwh~1/cw/home/portable/armgcc/bin/../lib/gcc/arm-none-eabi/10.2.1/../../../../arm-none-eabi/lib/thumb/v7e-m/nofp\libg_nano.a(lib_a-nano-mallocr.o)
 .debug_frame   0x000010b0       0xac c:/users/joris/chipwh~1/cw/home/portable/armgcc/bin/../lib/gcc/arm-none-eabi/10.2.1/../../../../arm-none-eabi/lib/thumb/v7e-m/nofp\libg_nano.a(lib_a-nano-vfprintf.o)
 .debug_frame   0x0000115c       0x60 c:/users/joris/chipwh~1/cw/home/portable/armgcc/bin/../lib/gcc/arm-none-eabi/10.2.1/../../../../arm-none-eabi/lib/thumb/v7e-m/nofp\libg_nano.a(lib_a-nano-vfprintf_i.o)
 .debug_frame   0x000011bc       0x2c c:/users/joris/chipwh~1/cw/home/portable/armgcc/bin/../lib/gcc/arm-none-eabi/10.2.1/../../../../arm-none-eabi/lib/thumb/v7e-m/nofp\libg_nano.a(lib_a-openr.o)
 .debug_frame   0x000011e8       0x74 c:/users/joris/chipwh~1/cw/home/portable/armgcc/bin/../lib/gcc/arm-none-eabi/10.2.1/../../../../arm-none-eabi/lib/thumb/v7e-m/nofp\libg_nano.a(lib_a-printf.o)
 .debug_frame   0x0000125c       0x58 c:/users/joris/chipwh~1/cw/home/portable/armgcc/bin/../lib/gcc/arm-none-eabi/10.2.1/../../../../arm-none-eabi/lib/thumb/v7e-m/nofp\libg_nano.a(lib_a-putchar.o)
 .debug_frame   0x000012b4       0x3c c:/users/joris/chipwh~1/cw/home/portable/armgcc/bin/../lib/gcc/arm-none-eabi/10.2.1/../../../../arm-none-eabi/lib/thumb/v7e-m/nofp\libg_nano.a(lib_a-puts.o)
 .debug_frame   0x000012f0       0x5c c:/users/joris/chipwh~1/cw/home/portable/armgcc/bin/../lib/gcc/arm-none-eabi/10.2.1/../../../../arm-none-eabi/lib/thumb/v7e-m/nofp\libg_nano.a(lib_a-reent.o)
 .debug_frame   0x0000134c       0x2c c:/users/joris/chipwh~1/cw/home/portable/armgcc/bin/../lib/gcc/arm-none-eabi/10.2.1/../../../../arm-none-eabi/lib/thumb/v7e-m/nofp\libg_nano.a(lib_a-sbrkr.o)
 .debug_frame   0x00001378       0x88 c:/users/joris/chipwh~1/cw/home/portable/armgcc/bin/../lib/gcc/arm-none-eabi/10.2.1/../../../../arm-none-eabi/lib/thumb/v7e-m/nofp\libg_nano.a(lib_a-stdio.o)
 .debug_frame   0x00001400       0x20 c:/users/joris/chipwh~1/cw/home/portable/armgcc/bin/../lib/gcc/arm-none-eabi/10.2.1/../../../../arm-none-eabi/lib/thumb/v7e-m/nofp\libg_nano.a(lib_a-strcmp.o)
 .debug_frame   0x00001420       0x20 c:/users/joris/chipwh~1/cw/home/portable/armgcc/bin/../lib/gcc/arm-none-eabi/10.2.1/../../../../arm-none-eabi/lib/thumb/v7e-m/nofp\libg_nano.a(lib_a-strcpy.o)
 .debug_frame   0x00001440       0x38 c:/users/joris/chipwh~1/cw/home/portable/armgcc/bin/../lib/gcc/arm-none-eabi/10.2.1/../../../../arm-none-eabi/lib/thumb/v7e-m/nofp\libg_nano.a(lib_a-strtok.o)
 .debug_frame   0x00001478       0x40 c:/users/joris/chipwh~1/cw/home/portable/armgcc/bin/../lib/gcc/arm-none-eabi/10.2.1/../../../../arm-none-eabi/lib/thumb/v7e-m/nofp\libg_nano.a(lib_a-strtok_r.o)
 .debug_frame   0x000014b8       0x64 c:/users/joris/chipwh~1/cw/home/portable/armgcc/bin/../lib/gcc/arm-none-eabi/10.2.1/../../../../arm-none-eabi/lib/thumb/v7e-m/nofp\libg_nano.a(lib_a-strtol.o)
 .debug_frame   0x0000151c       0x40 c:/users/joris/chipwh~1/cw/home/portable/armgcc/bin/../lib/gcc/arm-none-eabi/10.2.1/../../../../arm-none-eabi/lib/thumb/v7e-m/nofp\libg_nano.a(lib_a-wbuf.o)
 .debug_frame   0x0000155c       0x2c c:/users/joris/chipwh~1/cw/home/portable/armgcc/bin/../lib/gcc/arm-none-eabi/10.2.1/../../../../arm-none-eabi/lib/thumb/v7e-m/nofp\libg_nano.a(lib_a-writer.o)
 .debug_frame   0x00001588       0x2c c:/users/joris/chipwh~1/cw/home/portable/armgcc/bin/../lib/gcc/arm-none-eabi/10.2.1/../../../../arm-none-eabi/lib/thumb/v7e-m/nofp\libg_nano.a(lib_a-wsetup.o)
 .debug_frame   0x000015b4       0x40 c:/users/joris/chipwh~1/cw/home/portable/armgcc/bin/../lib/gcc/arm-none-eabi/10.2.1/../../../../arm-none-eabi/lib/thumb/v7e-m/nofp\libg_nano.a(lib_a-assert.o)
 .debug_frame   0x000015f4       0x2c c:/users/joris/chipwh~1/cw/home/portable/armgcc/bin/../lib/gcc/arm-none-eabi/10.2.1/../../../../arm-none-eabi/lib/thumb/v7e-m/nofp\libg_nano.a(lib_a-closer.o)
 .debug_frame   0x00001620       0x2c c:/users/joris/chipwh~1/cw/home/portable/armgcc/bin/../lib/gcc/arm-none-eabi/10.2.1/../../../../arm-none-eabi/lib/thumb/v7e-m/nofp\libg_nano.a(lib_a-flags.o)
 .debug_frame   0x0000164c       0x2c c:/users/joris/chipwh~1/cw/home/portable/armgcc/bin/../lib/gcc/arm-none-eabi/10.2.1/../../../../arm-none-eabi/lib/thumb/v7e-m/nofp\libg_nano.a(lib_a-fstatr.o)
 .debug_frame   0x00001678       0x2c c:/users/joris/chipwh~1/cw/home/portable/armgcc/bin/../lib/gcc/arm-none-eabi/10.2.1/../../../../arm-none-eabi/lib/thumb/v7e-m/nofp\libg_nano.a(lib_a-isattyr.o)
 .debug_frame   0x000016a4       0x2c c:/users/joris/chipwh~1/cw/home/portable/armgcc/bin/../lib/gcc/arm-none-eabi/10.2.1/../../../../arm-none-eabi/lib/thumb/v7e-m/nofp\libg_nano.a(lib_a-lseekr.o)
 .debug_frame   0x000016d0       0x30 c:/users/joris/chipwh~1/cw/home/portable/armgcc/bin/../lib/gcc/arm-none-eabi/10.2.1/../../../../arm-none-eabi/lib/thumb/v7e-m/nofp\libg_nano.a(lib_a-mlock.o)
 .debug_frame   0x00001700       0x3c c:/users/joris/chipwh~1/cw/home/portable/armgcc/bin/../lib/gcc/arm-none-eabi/10.2.1/../../../../arm-none-eabi/lib/thumb/v7e-m/nofp\libg_nano.a(lib_a-putc.o)
 .debug_frame   0x0000173c       0x2c c:/users/joris/chipwh~1/cw/home/portable/armgcc/bin/../lib/gcc/arm-none-eabi/10.2.1/../../../../arm-none-eabi/lib/thumb/v7e-m/nofp\libg_nano.a(lib_a-readr.o)
 .debug_frame   0x00001768       0x28 c:/users/joris/chipwh~1/cw/home/portable/armgcc/bin/../lib/gcc/arm-none-eabi/10.2.1/../../../../arm-none-eabi/lib/thumb/v7e-m/nofp\libg_nano.a(lib_a-abort.o)
 .debug_frame   0x00001790       0xcc c:/users/joris/chipwh~1/cw/home/portable/armgcc/bin/../lib/gcc/arm-none-eabi/10.2.1/../../../../arm-none-eabi/lib/thumb/v7e-m/nofp\libg_nano.a(lib_a-signal.o)
 .debug_frame   0x0000185c       0x3c c:/users/joris/chipwh~1/cw/home/portable/armgcc/bin/../lib/gcc/arm-none-eabi/10.2.1/../../../../arm-none-eabi/lib/thumb/v7e-m/nofp\libg_nano.a(lib_a-signalr.o)
 .debug_frame   0x00001898       0x20 c:/users/joris/chipwh~1/cw/home/portable/armgcc/bin/../lib/gcc/arm-none-eabi/10.2.1/../../../../arm-none-eabi/lib/thumb/v7e-m/nofp\libnosys.a(close.o)
 .debug_frame   0x000018b8       0x20 c:/users/joris/chipwh~1/cw/home/portable/armgcc/bin/../lib/gcc/arm-none-eabi/10.2.1/../../../../arm-none-eabi/lib/thumb/v7e-m/nofp\libnosys.a(fstat.o)
 .debug_frame   0x000018d8       0x20 c:/users/joris/chipwh~1/cw/home/portable/armgcc/bin/../lib/gcc/arm-none-eabi/10.2.1/../../../../arm-none-eabi/lib/thumb/v7e-m/nofp\libnosys.a(getpid.o)
 .debug_frame   0x000018f8       0x20 c:/users/joris/chipwh~1/cw/home/portable/armgcc/bin/../lib/gcc/arm-none-eabi/10.2.1/../../../../arm-none-eabi/lib/thumb/v7e-m/nofp\libnosys.a(isatty.o)
 .debug_frame   0x00001918       0x20 c:/users/joris/chipwh~1/cw/home/portable/armgcc/bin/../lib/gcc/arm-none-eabi/10.2.1/../../../../arm-none-eabi/lib/thumb/v7e-m/nofp\libnosys.a(kill.o)
 .debug_frame   0x00001938       0x20 c:/users/joris/chipwh~1/cw/home/portable/armgcc/bin/../lib/gcc/arm-none-eabi/10.2.1/../../../../arm-none-eabi/lib/thumb/v7e-m/nofp\libnosys.a(lseek.o)
 .debug_frame   0x00001958       0x20 c:/users/joris/chipwh~1/cw/home/portable/armgcc/bin/../lib/gcc/arm-none-eabi/10.2.1/../../../../arm-none-eabi/lib/thumb/v7e-m/nofp\libnosys.a(open.o)
 .debug_frame   0x00001978       0x20 c:/users/joris/chipwh~1/cw/home/portable/armgcc/bin/../lib/gcc/arm-none-eabi/10.2.1/../../../../arm-none-eabi/lib/thumb/v7e-m/nofp\libnosys.a(read.o)
 .debug_frame   0x00001998       0x20 c:/users/joris/chipwh~1/cw/home/portable/armgcc/bin/../lib/gcc/arm-none-eabi/10.2.1/../../../../arm-none-eabi/lib/thumb/v7e-m/nofp\libnosys.a(write.o)
 .debug_frame   0x000019b8       0x20 c:/users/joris/chipwh~1/cw/home/portable/armgcc/bin/../lib/gcc/arm-none-eabi/10.2.1/../../../../arm-none-eabi/lib/thumb/v7e-m/nofp\libnosys.a(_exit.o)

.stab           0x00000000      0x21c
 .stab          0x00000000      0x144 objdir-CWLITEARM/stm32f3_startup.o
 .stab          0x00000144       0x18 c:/users/joris/chipwh~1/cw/home/portable/armgcc/bin/../lib/gcc/arm-none-eabi/10.2.1/../../../../arm-none-eabi/lib/thumb/v7e-m/nofp\libnosys.a(close.o)
                                 0x24 (size before relaxing)
 .stab          0x0000015c       0x18 c:/users/joris/chipwh~1/cw/home/portable/armgcc/bin/../lib/gcc/arm-none-eabi/10.2.1/../../../../arm-none-eabi/lib/thumb/v7e-m/nofp\libnosys.a(fstat.o)
                                 0x24 (size before relaxing)
 .stab          0x00000174       0x18 c:/users/joris/chipwh~1/cw/home/portable/armgcc/bin/../lib/gcc/arm-none-eabi/10.2.1/../../../../arm-none-eabi/lib/thumb/v7e-m/nofp\libnosys.a(getpid.o)
                                 0x24 (size before relaxing)
 .stab          0x0000018c       0x18 c:/users/joris/chipwh~1/cw/home/portable/armgcc/bin/../lib/gcc/arm-none-eabi/10.2.1/../../../../arm-none-eabi/lib/thumb/v7e-m/nofp\libnosys.a(isatty.o)
                                 0x24 (size before relaxing)
 .stab          0x000001a4       0x18 c:/users/joris/chipwh~1/cw/home/portable/armgcc/bin/../lib/gcc/arm-none-eabi/10.2.1/../../../../arm-none-eabi/lib/thumb/v7e-m/nofp\libnosys.a(kill.o)
                                 0x24 (size before relaxing)
 .stab          0x000001bc       0x18 c:/users/joris/chipwh~1/cw/home/portable/armgcc/bin/../lib/gcc/arm-none-eabi/10.2.1/../../../../arm-none-eabi/lib/thumb/v7e-m/nofp\libnosys.a(lseek.o)
                                 0x24 (size before relaxing)
 .stab          0x000001d4       0x18 c:/users/joris/chipwh~1/cw/home/portable/armgcc/bin/../lib/gcc/arm-none-eabi/10.2.1/../../../../arm-none-eabi/lib/thumb/v7e-m/nofp\libnosys.a(open.o)
                                 0x24 (size before relaxing)
 .stab          0x000001ec       0x18 c:/users/joris/chipwh~1/cw/home/portable/armgcc/bin/../lib/gcc/arm-none-eabi/10.2.1/../../../../arm-none-eabi/lib/thumb/v7e-m/nofp\libnosys.a(read.o)
                                 0x24 (size before relaxing)
 .stab          0x00000204       0x18 c:/users/joris/chipwh~1/cw/home/portable/armgcc/bin/../lib/gcc/arm-none-eabi/10.2.1/../../../../arm-none-eabi/lib/thumb/v7e-m/nofp\libnosys.a(write.o)
                                 0x24 (size before relaxing)

.stabstr        0x00000000      0x291
 .stabstr       0x00000000      0x291 objdir-CWLITEARM/stm32f3_startup.o

Cross Reference Table

Symbol                                            File
BusFault_Handler                                  objdir-CWLITEARM/stm32f3_startup.o
DebugMon_Handler                                  objdir-CWLITEARM/stm32f3_startup.o
Default_Handler                                   objdir-CWLITEARM/stm32f3_startup.o
HAL_GPIO_Init                                     objdir-CWLITEARM/stm32f3_hal_lowlevel.o
                                                  objdir-CWLITEARM/stm32f3_hal.o
HAL_GPIO_WritePin                                 objdir-CWLITEARM/stm32f3_hal_lowlevel.o
                                                  objdir-CWLITEARM/stm32f3_hal.o
HAL_GetTick                                       objdir-CWLITEARM/stm32f3_hal_lowlevel.o
HAL_IncTick                                       objdir-CWLITEARM/stm32f3_hal_lowlevel.o
HAL_InitTick                                      objdir-CWLITEARM/stm32f3_hal_lowlevel.o
HAL_NVIC_SetPriority                              objdir-CWLITEARM/stm32f3_hal_lowlevel.o
HAL_RCC_ClockConfig                               objdir-CWLITEARM/stm32f3_hal_lowlevel.o
                                                  objdir-CWLITEARM/stm32f3_hal.o
HAL_RCC_GetPCLK1Freq                              objdir-CWLITEARM/stm32f3_hal_lowlevel.o
HAL_RCC_GetPCLK2Freq                              objdir-CWLITEARM/stm32f3_hal_lowlevel.o
HAL_RCC_GetSysClockFreq                           objdir-CWLITEARM/stm32f3_hal_lowlevel.o
HAL_RCC_OscConfig                                 objdir-CWLITEARM/stm32f3_hal_lowlevel.o
                                                  objdir-CWLITEARM/stm32f3_hal.o
HAL_UART_Init                                     objdir-CWLITEARM/stm32f3_hal_lowlevel.o
                                                  objdir-CWLITEARM/stm32f3_hal.o
HAL_UART_Receive                                  objdir-CWLITEARM/stm32f3_hal_lowlevel.o
                                                  objdir-CWLITEARM/stm32f3_hal.o
HAL_UART_Transmit                                 objdir-CWLITEARM/stm32f3_hal_lowlevel.o
                                                  objdir-CWLITEARM/stm32f3_hal.o
HardFault_Handler                                 objdir-CWLITEARM/stm32f3_startup.o
MemManage_Handler                                 objdir-CWLITEARM/stm32f3_startup.o
NMI_Handler                                       objdir-CWLITEARM/stm32f3_startup.o
PendSV_Handler                                    objdir-CWLITEARM/stm32f3_startup.o
Reset_Handler                                     objdir-CWLITEARM/stm32f3_startup.o
SVC_Handler                                       objdir-CWLITEARM/stm32f3_startup.o
SysTick_Handler                                   objdir-CWLITEARM/stm32f3_startup.o
SystemCoreClock                                   objdir-CWLITEARM/stm32f3_hal_lowlevel.o
SystemInit                                        objdir-CWLITEARM/stm32f3_startup.o
UART_CheckIdleState                               objdir-CWLITEARM/stm32f3_hal_lowlevel.o
UART_SetConfig                                    objdir-CWLITEARM/stm32f3_hal_lowlevel.o
UART_WaitOnFlagUntilTimeout                       objdir-CWLITEARM/stm32f3_hal_lowlevel.o
UartHandle                                        objdir-CWLITEARM/stm32f3_hal.o
UsageFault_Handler                                objdir-CWLITEARM/stm32f3_startup.o